******************************************************************************
             TMS320C2000 Linker PC v20.2.4                     
******************************************************************************
>> Linked Thu Sep 23 16:19:04 2021

OUTPUT FILE NAME:   <TIDA-010232NoGui.out>
ENTRY POINT SYMBOL: "code_start"  address: 00000000


MEMORY CONFIGURATION

         name            origin    length      used     unused   attr    fill
----------------------  --------  ---------  --------  --------  ----  --------
PAGE 0:
  BEGIN                 00000000   00000002  00000002  00000000  RWIX
  RAMM0                 000000f4   0000030c  00000034  000002d8  RWIX
  RAMLS0                00008000   00000800  00000800  00000000  RWIX
  RAMLS1                00008800   00000800  00000800  00000000  RWIX
  RAMLS2                00009000   00000800  00000056  000007aa  RWIX
  RAMLS3                00009800   00000800  00000000  00000800  RWIX
  RAMLS4                0000a000   00000800  00000000  00000800  RWIX
  FLASH_BANK0_SEC0      00080000   00001000  00000000  00001000  RWIX
  FLASH_BANK0_SEC1      00081000   00001000  00000000  00001000  RWIX
  FLASH_BANK0_SEC2      00082000   00001000  00000000  00001000  RWIX
  FLASH_BANK0_SEC3      00083000   00001000  00000000  00001000  RWIX
  FLASH_BANK0_SEC4      00084000   00001000  00000000  00001000  RWIX
  FLASH_BANK0_SEC5      00085000   00001000  00000000  00001000  RWIX
  FLASH_BANK0_SEC6      00086000   00001000  00000000  00001000  RWIX
  FLASH_BANK0_SEC7      00087000   00001000  00000000  00001000  RWIX
  FLASH_BANK0_SEC8      00088000   00001000  00000000  00001000  RWIX
  FLASH_BANK0_SEC9      00089000   00001000  00000000  00001000  RWIX
  FLASH_BANK0_SEC10     0008a000   00001000  00000000  00001000  RWIX
  FLASH_BANK0_SEC11     0008b000   00001000  00000000  00001000  RWIX
  FLASH_BANK0_SEC12     0008c000   00001000  00000000  00001000  RWIX
  FLASH_BANK0_SEC13     0008d000   00001000  00000000  00001000  RWIX
  FLASH_BANK0_SEC14     0008e000   00001000  00000000  00001000  RWIX
  FLASH_BANK0_SEC15     0008f000   00001000  00000000  00001000  RWIX
  FLASH_BANK1_SEC0      00090000   00001000  00000000  00001000  RWIX
  FLASH_BANK1_SEC1      00091000   00001000  00000000  00001000  RWIX
  FLASH_BANK1_SEC2      00092000   00001000  00000000  00001000  RWIX
  FLASH_BANK1_SEC3      00093000   00001000  00000000  00001000  RWIX
  FLASH_BANK1_SEC4      00094000   00001000  00000000  00001000  RWIX
  FLASH_BANK1_SEC5      00095000   00001000  00000000  00001000  RWIX
  FLASH_BANK1_SEC6      00096000   00001000  00000000  00001000  RWIX
  FLASH_BANK1_SEC7      00097000   00001000  00000000  00001000  RWIX
  FLASH_BANK1_SEC8      00098000   00001000  00000000  00001000  RWIX
  FLASH_BANK1_SEC9      00099000   00001000  00000000  00001000  RWIX
  FLASH_BANK1_SEC10     0009a000   00001000  00000000  00001000  RWIX
  FLASH_BANK1_SEC11     0009b000   00001000  00000000  00001000  RWIX
  FLASH_BANK1_SEC12     0009c000   00001000  00000000  00001000  RWIX
  FLASH_BANK1_SEC13     0009d000   00001000  00000000  00001000  RWIX
  FLASH_BANK1_SEC14     0009e000   00001000  00000000  00001000  RWIX
  FLASH_BANK1_SEC15     0009f000   00001000  00000000  00001000  RWIX
  RESET                 003fffc0   00000002  00000000  00000002  RWIX

PAGE 1:
  BOOT_RSVD             00000002   000000f1  00000000  000000f1  RWIX
  RAMM1                 00000400   000003f8  00000100  000002f8  RWIX
  RAMLS5                0000a800   00000800  0000034d  000004b3  RWIX
  RAMLS6                0000b000   00000800  00000000  00000800  RWIX
  RAMLS7                0000b800   00000800  00000000  00000800  RWIX
  RAMGS0                0000c000   00002000  00000000  00002000  RWIX
  RAMGS1                0000e000   00002000  00000000  00002000  RWIX
  RAMGS2                00010000   00002000  00000000  00002000  RWIX
  RAMGS3                00012000   00001ff8  00000000  00001ff8  RWIX


SECTION ALLOCATION MAP

 output                                  attributes/
section   page    origin      length       input sections
--------  ----  ----------  ----------   ----------------
codestart 
*          0    00000000    00000002     
                  00000000    00000002     f28004x_codestartbranch.obj (codestart)

.TI.ramfunc 
*          0    000000f4    00000004     
                  000000f4    00000004     driverlib_eabi.lib : sysctl.obj (.TI.ramfunc)

.cinit     0    000000f8    00000030     
                  000000f8    0000001d     (.cinit..data.load) [load image, compression = lzss]
                  00000115    00000001     --HOLE-- [fill = 0]
                  00000116    00000006     (__TI_handler_table)
                  0000011c    00000004     (.cinit..bss.load) [load image, compression = zero_init]
                  00000120    00000008     (__TI_cinit_table)

.reset     0    003fffc0    00000000     DSECT

.stack     1    00000400    00000100     UNINITIALIZED
                  00000400    00000100     --HOLE--

.bss       1    0000ab40    00000020     UNINITIALIZED
                  0000ab40    00000020     TIDA0100232NoGUI_main.obj (.bss)

.init_array 
*          0    000000f4    00000000     UNINITIALIZED

.const     1    0000a800    0000030b     
                  0000a800    000000ef     driverlib_eabi.lib : gpio.obj (.const:.string)
                  0000a8ef    00000001     --HOLE-- [fill = 0]
                  0000a8f0    000000ef                        : sysctl.obj (.const:.string)
                  0000a9df    00000001     --HOLE-- [fill = 0]
                  0000a9e0    0000008d     TIDA0100232NoGUI_main.obj (.const:.string)
                  0000aa6d    00000001     --HOLE-- [fill = 0]
                  0000aa6e    00000076     driverlib_eabi.lib : adc.obj (.const:.string)
                  0000aae4    00000014     TIDA0100232NoGUI_main.obj (.const)
                  0000aaf8    00000013     device.obj (.const:.string)

.data      1    0000ab0c    00000022     UNINITIALIZED
                  0000ab0c    00000018     TIDA0100232NoGUI_main.obj (.data)
                  0000ab24    00000006     rts2800_fpu32_eabi.lib : exit.c.obj (.data)
                  0000ab2a    00000002                            : _lock.c.obj (.data:_lock)
                  0000ab2c    00000002                            : _lock.c.obj (.data:_unlock)

.text.1    0    00008000    00000800     
                  00008000    000004ee     TIDA0100232NoGUI_main.obj (.text)
                  000084ee    000001aa     device.obj (.text)
                  00008698    000000b6     driverlib_eabi.lib : sysctl.obj (.text:SysCtl_setClock)
                  0000874e    000000b2                        : sysctl.obj (.text:SysCtl_isPLLValid)

.text.2    0    00008800    00000800     
                  00008800    0000009c     rts2800_fpu32_eabi.lib : fd_add28.asm.obj (.text)
                  0000889c    0000008b                            : fd_div28.asm.obj (.text)
                  00008927    00000088                            : fs_div28.asm.obj (.text)
                  000089af    00000083                            : fd_mpy28.asm.obj (.text)
                  00008a32    0000007a     driverlib_eabi.lib : sysctl.obj (.text:DCC_setCounterSeeds)
                  00008aac    00000064                        : adc.obj (.text:ADC_setVREF)
                  00008b10    0000005b                        : sysctl.obj (.text:SysCtl_selectOscSource)
                  00008b6b    00000052                        : gpio.obj (.text:GPIO_setPadConfig)
                  00008bbd    00000051                        : sysctl.obj (.text:SysCtl_getClock)
                  00008c0e    0000003d                        : interrupt.obj (.text:Interrupt_initModule)
                  00008c4b    0000003b                        : gpio.obj (.text:GPIO_setAnalogMode)
                  00008c86    00000031                        : gpio.obj (.text:GPIO_setDirectionMode)
                  00008cb7    00000031     rts2800_fpu32_eabi.lib : copy_decompress_lzss.c.obj (.text:decompress:lzss)
                  00008ce8    0000002b                            : autoinit.c.obj (.text:__TI_auto_init_nobinit_nopinit)
                  00008d13    00000029                            : exit.c.obj (.text)
                  00008d3c    00000026     driverlib_eabi.lib : sysctl.obj (.text:SysCtl_pollX1Counter)
                  00008d62    00000025                        : sysctl.obj (.text:DCC_enableSingleShotMode)
                  00008d87    00000024                        : sysctl.obj (.text:SysCtl_selectXTAL)
                  00008dab    00000023     rts2800_fpu32_eabi.lib : fd_tofsfpu32.asm.obj (.text)
                  00008dce    00000020     driverlib_eabi.lib : interrupt.obj (.text:Interrupt_initVectorTable)
                  00008dee    0000001f                        : sysctl.obj (.text:DCC_setCounter1ClkSource)
                  00008e0d    0000001d                        : sysctl.obj (.text:DCC_setCounter0ClkSource)
                  00008e2a    0000001d     rts2800_fpu32_eabi.lib : memcpy.c.obj (.text)
                  00008e47    0000001c                            : fs_tofdfpu32.asm.obj (.text)
                  00008e63    0000001b                            : fd_toul28.asm.obj (.text)
                  00008e7e    0000001a     driverlib_eabi.lib : adc.obj (.text:ADC_isBaseValid)
                  00008e98    0000001a                        : sysctl.obj (.text:SysCtl_getLowSpeedClock)
                  00008eb2    0000001a                        : sysctl.obj (.text:SysCtl_selectXTALSingleEnded)
                  00008ecc    00000017                        : sysctl.obj (.text:DCC_disableDoneSignal)
                  00008ee3    00000017                        : sysctl.obj (.text:DCC_enableDoneSignal)
                  00008efa    00000017                        : sysctl.obj (.text:SysCtl_enablePeripheral)
                  00008f11    00000017     rts2800_fpu32_eabi.lib : boot28.asm.obj (.text)
                  00008f28    00000016     driverlib_eabi.lib : sysctl.obj (.text:DCC_clearDoneFlag)
                  00008f3e    00000016                        : sysctl.obj (.text:DCC_clearErrorFlag)
                  00008f54    00000016                        : sysctl.obj (.text:DCC_disableErrorSignal)
                  00008f6a    00000016                        : sysctl.obj (.text:DCC_enableErrorSignal)
                  00008f80    00000016     rts2800_fpu32_eabi.lib : ul_tofd28.asm.obj (.text)
                  00008f96    00000014     driverlib_eabi.lib : sysctl.obj (.text:DCC_disableModule)
                  00008faa    00000014                        : sysctl.obj (.text:DCC_enableModule)
                  00008fbe    00000014                        : gpio.obj (.text:GPIO_isPinValid)
                  00008fd2    00000010                        : sysctl.obj (.text:DCC_isBaseValid)
                  00008fe2    0000000e                        : interrupt.obj (.text:Interrupt_defaultHandler)
                  00008ff0    0000000e     rts2800_fpu32_eabi.lib : fd_sub28.asm.obj (.text)
                  00008ffe    00000002     driverlib_eabi.lib : interrupt.obj (.text:Interrupt_illegalOperationHandler)

.text.3    0    00009000    00000056     
                  00009000    0000000d     driverlib_eabi.lib : interrupt.obj (.text:Interrupt_disableMaster)
                  0000900d    0000000d     rts2800_fpu32_eabi.lib : copy_zero_init.c.obj (.text:decompress:ZI:__TI_zero_init_nomemset)
                  0000901a    0000000c                            : args_main.c.obj (.text)
                  00009026    0000000b     driverlib_eabi.lib : sysctl.obj (.text:SysCtl_isMCDClockFailureDetected)
                  00009031    00000009     rts2800_fpu32_eabi.lib : _lock.c.obj (.text)
                  0000903a    00000008                            : copy_decompress_none.c.obj (.text:decompress:none)
                  00009042    00000008     f28004x_codestartbranch.obj (.text)
                  0000904a    00000007     driverlib_eabi.lib : sysctl.obj (.text:SysCtl_resetMCD)
                  00009051    00000002                        : interrupt.obj (.text:Interrupt_nmiHandler)
                  00009053    00000002     rts2800_fpu32_eabi.lib : pre_init.c.obj (.text)
                  00009055    00000001                            : startup.c.obj (.text)

MODULE SUMMARY

       Module                        code   ro data   rw data
       ------                        ----   -------   -------
    .\
       TIDA0100232NoGUI_main.obj     1262   161       56     
    +--+-----------------------------+------+---------+---------+
       Total:                        1262   161       56     
                                                             
    .\device\
       device.obj                    426    19        0      
       f28004x_codestartbranch.obj   10     0         0      
    +--+-----------------------------+------+---------+---------+
       Total:                        436    19        0      
                                                             
    C:\ti\C2000Ware_3_04_00_00_Software\driverlib\f28004x\driverlib\ccs\Debug\driverlib_eabi.lib
       sysctl.obj                    1112   239       0      
       gpio.obj                      210    239       0      
       adc.obj                       126    118       0      
       interrupt.obj                 124    0         0      
    +--+-----------------------------+------+---------+---------+
       Total:                        1572   596       0      
                                                             
    C:\ti\ccs1031\ccs\tools\compiler\ti-cgt-c2000_20.2.4.LTS\lib\rts2800_fpu32_eabi.lib
       fd_add28.asm.obj              156    0         0      
       fd_div28.asm.obj              139    0         0      
       fs_div28.asm.obj              136    0         0      
       fd_mpy28.asm.obj              131    0         0      
       copy_decompress_lzss.c.obj    49     0         0      
       exit.c.obj                    41     0         6      
       autoinit.c.obj                43     0         0      
       fd_tofsfpu32.asm.obj          35     0         0      
       memcpy.c.obj                  29     0         0      
       fs_tofdfpu32.asm.obj          28     0         0      
       fd_toul28.asm.obj             27     0         0      
       boot28.asm.obj                23     0         0      
       ul_tofd28.asm.obj             22     0         0      
       fd_sub28.asm.obj              14     0         0      
       _lock.c.obj                   9      0         4      
       copy_zero_init.c.obj          13     0         0      
       args_main.c.obj               12     0         0      
       copy_decompress_none.c.obj    8      0         0      
       pre_init.c.obj                2      0         0      
       startup.c.obj                 1      0         0      
    +--+-----------------------------+------+---------+---------+
       Total:                        918    0         10     
                                                             
       Stack:                        0      0         256    
       Linker Generated:             0      47        0      
    +--+-----------------------------+------+---------+---------+
       Grand Total:                  4188   823       322    


LINKER GENERATED COPY TABLES

__TI_cinit_table @ 00000120 records: 2, size/record: 4, table size: 8
	.data: load addr=000000f8, load size=0000001d bytes, run addr=0000ab0c, run size=00000022 bytes, compression=lzss
	.bss: load addr=0000011c, load size=00000004 bytes, run addr=0000ab40, run size=00000020 bytes, compression=zero_init


LINKER GENERATED HANDLER TABLE

__TI_handler_table @ 00000116 records: 3, size/record: 2, table size: 6
	index: 0, handler: __TI_zero_init
	index: 1, handler: __TI_decompress_lzss
	index: 2, handler: __TI_decompress_none


GLOBAL DATA SYMBOLS: SORTED BY DATA PAGE

address     data page           name
--------    ----------------    ----
00000400      10 (00000400)     __stack

0000ab0c     2ac (0000ab00)     control
0000ab0e     2ac (0000ab00)     r_ps
0000ab10     2ac (0000ab00)     r_s
0000ab12     2ac (0000ab00)     v_ref
0000ab14     2ac (0000ab00)     k_adc
0000ab16     2ac (0000ab00)     k_diff2sinISO
0000ab18     2ac (0000ab00)     r_ps_DC
0000ab1a     2ac (0000ab00)     r_s_DC
0000ab1c     2ac (0000ab00)     v_ref_DC
0000ab1e     2ac (0000ab00)     k_batt
0000ab20     2ac (0000ab00)     k_diff2sinBATT
0000ab22     2ac (0000ab00)     t_acq
0000ab24     2ac (0000ab00)     __TI_enable_exit_profile_output
0000ab26     2ac (0000ab00)     __TI_cleanup_ptr
0000ab28     2ac (0000ab00)     __TI_dtors_ptr
0000ab2a     2ac (0000ab00)     _lock
0000ab2c     2ac (0000ab00)     _unlock

0000ab40     2ad (0000ab40)     adcBResult0
0000ab41     2ad (0000ab40)     adcCResult1
0000ab42     2ad (0000ab40)     i
0000ab44     2ad (0000ab40)     v_iso_pos_1
0000ab46     2ad (0000ab40)     v_iso_pos_2
0000ab48     2ad (0000ab40)     v_iso_neg_1
0000ab4a     2ad (0000ab40)     v_iso_neg_2
0000ab4c     2ad (0000ab40)     v_batt_1
0000ab4e     2ad (0000ab40)     v_batt_2
0000ab50     2ad (0000ab40)     v_batt_read
0000ab52     2ad (0000ab40)     v_adc_iso_pos_1
0000ab54     2ad (0000ab40)     v_adc_iso_neg_2
0000ab56     2ad (0000ab40)     v_adc_batt_1
0000ab58     2ad (0000ab40)     v_adc_batt_2
0000ab5a     2ad (0000ab40)     v_adc_batt_read
0000ab5c     2ad (0000ab40)     r_iso_p
0000ab5e     2ad (0000ab40)     r_iso_n


GLOBAL SYMBOLS: SORTED ALPHABETICALLY BY Name 

page  address   name                           
----  -------   ----                           
0     00008aac  ADC_setVREF                    
0     00008d13  C$$EXIT                        
0     000085a4  Device_enableAllPeripherals    
0     00008553  Device_init                    
0     00008681  Device_initGPIO                
0     00008c4b  GPIO_setAnalogMode             
0     00008c86  GPIO_setDirectionMode          
0     00008b6b  GPIO_setPadConfig              
0     00008c0e  Interrupt_initModule           
0     00008dce  Interrupt_initVectorTable      
0     000000f4  SysCtl_delay                   
0     00008bbd  SysCtl_getClock                
0     00008e98  SysCtl_getLowSpeedClock        
0     0000874e  SysCtl_isPLLValid              
0     00008b10  SysCtl_selectOscSource         
0     00008d87  SysCtl_selectXTAL              
0     00008eb2  SysCtl_selectXTALSingleEnded   
0     00008698  SysCtl_setClock                
0     00000120  __TI_CINIT_Base                
0     00000128  __TI_CINIT_Limit               
0     00000116  __TI_Handler_Table_Base        
0     0000011c  __TI_Handler_Table_Limit       
1     00000500  __TI_STACK_END                 
abs   00000100  __TI_STACK_SIZE                
0     00008ce8  __TI_auto_init_nobinit_nopinit 
1     0000ab26  __TI_cleanup_ptr               
0     00008cb7  __TI_decompress_lzss           
0     0000903a  __TI_decompress_none           
1     0000ab28  __TI_dtors_ptr                 
1     0000ab24  __TI_enable_exit_profile_output
abs   ffffffff  __TI_pprof_out_hndl            
abs   ffffffff  __TI_prof_data_size            
abs   ffffffff  __TI_prof_data_start           
0     0000900d  __TI_zero_init_nomemset        
0     00008800  __c28xabi_addd                 
0     0000889c  __c28xabi_divd                 
0     00008927  __c28xabi_divf                 
0     00008dab  __c28xabi_dtof                 
0     00008e63  __c28xabi_dtoul                
0     00008e47  __c28xabi_ftod                 
0     000089af  __c28xabi_mpyd                 
0     00008ff0  __c28xabi_subd                 
0     00008f80  __c28xabi_ultod                
n/a   UNDEFED   __c_args__                     
0     00008691  __error__                      
1     00000400  __stack                        
0     0000901a  _args_main                     
0     00008f11  _c_int00                       
1     0000ab2a  _lock                          
0     00009039  _nop                           
0     00009035  _register_lock                 
0     00009031  _register_unlock               
0     00009055  _system_post_cinit             
0     00009053  _system_pre_init               
1     0000ab2c  _unlock                        
0     00008d13  abort                          
0     000082e9  actuate_relay                  
1     0000ab40  adcBResult0                    
1     0000ab41  adcCResult1                    
0     000084b1  calculate_riso                 
0     00000000  code_start                     
1     0000ab0c  control                        
0     00008d15  exit                           
1     0000ab42  i                              
1     0000ab14  k_adc                          
1     0000ab1e  k_batt                         
1     0000ab20  k_diff2sinBATT                 
1     0000ab16  k_diff2sinISO                  
0     00008182  main                           
0     00008310  measure_bus_voltage            
0     00008426  measure_voltages_SN            
0     0000839b  measure_voltages_SP            
0     00008e2a  memcpy                         
1     0000ab5e  r_iso_n                        
1     0000ab5c  r_iso_p                        
1     0000ab0e  r_ps                           
1     0000ab18  r_ps_DC                        
1     0000ab10  r_s                            
1     0000ab1a  r_s_DC                         
1     0000ab22  t_acq                          
1     0000ab56  v_adc_batt_1                   
1     0000ab58  v_adc_batt_2                   
1     0000ab5a  v_adc_batt_read                
1     0000ab54  v_adc_iso_neg_2                
1     0000ab52  v_adc_iso_pos_1                
1     0000ab4c  v_batt_1                       
1     0000ab4e  v_batt_2                       
1     0000ab50  v_batt_read                    
1     0000ab48  v_iso_neg_1                    
1     0000ab4a  v_iso_neg_2                    
1     0000ab44  v_iso_pos_1                    
1     0000ab46  v_iso_pos_2                    
1     0000ab12  v_ref                          
1     0000ab1c  v_ref_DC                       


GLOBAL SYMBOLS: SORTED BY Symbol Address 

page  address   name                           
----  -------   ----                           
0     00000000  code_start                     
0     000000f4  SysCtl_delay                   
0     00000116  __TI_Handler_Table_Base        
0     0000011c  __TI_Handler_Table_Limit       
0     00000120  __TI_CINIT_Base                
0     00000128  __TI_CINIT_Limit               
0     00008182  main                           
0     000082e9  actuate_relay                  
0     00008310  measure_bus_voltage            
0     0000839b  measure_voltages_SP            
0     00008426  measure_voltages_SN            
0     000084b1  calculate_riso                 
0     00008553  Device_init                    
0     000085a4  Device_enableAllPeripherals    
0     00008681  Device_initGPIO                
0     00008691  __error__                      
0     00008698  SysCtl_setClock                
0     0000874e  SysCtl_isPLLValid              
0     00008800  __c28xabi_addd                 
0     0000889c  __c28xabi_divd                 
0     00008927  __c28xabi_divf                 
0     000089af  __c28xabi_mpyd                 
0     00008aac  ADC_setVREF                    
0     00008b10  SysCtl_selectOscSource         
0     00008b6b  GPIO_setPadConfig              
0     00008bbd  SysCtl_getClock                
0     00008c0e  Interrupt_initModule           
0     00008c4b  GPIO_setAnalogMode             
0     00008c86  GPIO_setDirectionMode          
0     00008cb7  __TI_decompress_lzss           
0     00008ce8  __TI_auto_init_nobinit_nopinit 
0     00008d13  C$$EXIT                        
0     00008d13  abort                          
0     00008d15  exit                           
0     00008d87  SysCtl_selectXTAL              
0     00008dab  __c28xabi_dtof                 
0     00008dce  Interrupt_initVectorTable      
0     00008e2a  memcpy                         
0     00008e47  __c28xabi_ftod                 
0     00008e63  __c28xabi_dtoul                
0     00008e98  SysCtl_getLowSpeedClock        
0     00008eb2  SysCtl_selectXTALSingleEnded   
0     00008f11  _c_int00                       
0     00008f80  __c28xabi_ultod                
0     00008ff0  __c28xabi_subd                 
0     0000900d  __TI_zero_init_nomemset        
0     0000901a  _args_main                     
0     00009031  _register_unlock               
0     00009035  _register_lock                 
0     00009039  _nop                           
0     0000903a  __TI_decompress_none           
0     00009053  _system_pre_init               
0     00009055  _system_post_cinit             
1     00000400  __stack                        
1     00000500  __TI_STACK_END                 
1     0000ab0c  control                        
1     0000ab0e  r_ps                           
1     0000ab10  r_s                            
1     0000ab12  v_ref                          
1     0000ab14  k_adc                          
1     0000ab16  k_diff2sinISO                  
1     0000ab18  r_ps_DC                        
1     0000ab1a  r_s_DC                         
1     0000ab1c  v_ref_DC                       
1     0000ab1e  k_batt                         
1     0000ab20  k_diff2sinBATT                 
1     0000ab22  t_acq                          
1     0000ab24  __TI_enable_exit_profile_output
1     0000ab26  __TI_cleanup_ptr               
1     0000ab28  __TI_dtors_ptr                 
1     0000ab2a  _lock                          
1     0000ab2c  _unlock                        
1     0000ab40  adcBResult0                    
1     0000ab41  adcCResult1                    
1     0000ab42  i                              
1     0000ab44  v_iso_pos_1                    
1     0000ab46  v_iso_pos_2                    
1     0000ab48  v_iso_neg_1                    
1     0000ab4a  v_iso_neg_2                    
1     0000ab4c  v_batt_1                       
1     0000ab4e  v_batt_2                       
1     0000ab50  v_batt_read                    
1     0000ab52  v_adc_iso_pos_1                
1     0000ab54  v_adc_iso_neg_2                
1     0000ab56  v_adc_batt_1                   
1     0000ab58  v_adc_batt_2                   
1     0000ab5a  v_adc_batt_read                
1     0000ab5c  r_iso_p                        
1     0000ab5e  r_iso_n                        
abs   00000100  __TI_STACK_SIZE                
abs   ffffffff  __TI_pprof_out_hndl            
abs   ffffffff  __TI_prof_data_size            
abs   ffffffff  __TI_prof_data_start           
n/a   UNDEFED   __c_args__                     

[94 symbols]
