<?xml version="1.0" encoding="ISO-8859-1" ?>
<link_info>
   <banner>TMS320C2000 Linker PC v20.2.4.LTS</banner>
   <copyright>Copyright (c) 1996-2018 Texas Instruments Incorporated</copyright>
   <link_time>0x614c8cd8</link_time>
   <link_errors>0x0</link_errors>
   <output_file>TIDA-010232NoGui.out</output_file>
   <entry_point>
      <name>code_start</name>
      <address>0x0</address>
   </entry_point>
   <input_file_list>
      <input_file id="fl-2">
         <path>.\</path>
         <kind>object</kind>
         <file>TIDA0100232NoGUI_main.obj</file>
         <name>TIDA0100232NoGUI_main.obj</name>
      </input_file>
      <input_file id="fl-3">
         <path>.\device\</path>
         <kind>object</kind>
         <file>device.obj</file>
         <name>device.obj</name>
      </input_file>
      <input_file id="fl-4">
         <path>.\device\</path>
         <kind>object</kind>
         <file>f28004x_codestartbranch.obj</file>
         <name>f28004x_codestartbranch.obj</name>
      </input_file>
      <input_file id="fl-9">
         <kind>object</kind>
         <file>&lt;internal&gt;</file>
         <name>&lt;internal&gt;</name>
      </input_file>
      <input_file id="fl-d">
         <path>C:\ti\C2000Ware_3_04_00_00_Software\driverlib\f28004x\driverlib\ccs\Debug\</path>
         <kind>archive</kind>
         <file>driverlib_eabi.lib</file>
         <name>adc.obj</name>
      </input_file>
      <input_file id="fl-e">
         <path>C:\ti\C2000Ware_3_04_00_00_Software\driverlib\f28004x\driverlib\ccs\Debug\</path>
         <kind>archive</kind>
         <file>driverlib_eabi.lib</file>
         <name>gpio.obj</name>
      </input_file>
      <input_file id="fl-f">
         <path>C:\ti\C2000Ware_3_04_00_00_Software\driverlib\f28004x\driverlib\ccs\Debug\</path>
         <kind>archive</kind>
         <file>driverlib_eabi.lib</file>
         <name>interrupt.obj</name>
      </input_file>
      <input_file id="fl-10">
         <path>C:\ti\C2000Ware_3_04_00_00_Software\driverlib\f28004x\driverlib\ccs\Debug\</path>
         <kind>archive</kind>
         <file>driverlib_eabi.lib</file>
         <name>sysctl.obj</name>
      </input_file>
      <input_file id="fl-1c">
         <path>C:\ti\ccs1031\ccs\tools\compiler\ti-cgt-c2000_20.2.4.LTS\lib\</path>
         <kind>archive</kind>
         <file>rts2800_fpu32_eabi.lib</file>
         <name>boot28.asm.obj</name>
      </input_file>
      <input_file id="fl-1d">
         <path>C:\ti\ccs1031\ccs\tools\compiler\ti-cgt-c2000_20.2.4.LTS\lib\</path>
         <kind>archive</kind>
         <file>rts2800_fpu32_eabi.lib</file>
         <name>fd_add28.asm.obj</name>
      </input_file>
      <input_file id="fl-1e">
         <path>C:\ti\ccs1031\ccs\tools\compiler\ti-cgt-c2000_20.2.4.LTS\lib\</path>
         <kind>archive</kind>
         <file>rts2800_fpu32_eabi.lib</file>
         <name>fd_mpy28.asm.obj</name>
      </input_file>
      <input_file id="fl-1f">
         <path>C:\ti\ccs1031\ccs\tools\compiler\ti-cgt-c2000_20.2.4.LTS\lib\</path>
         <kind>archive</kind>
         <file>rts2800_fpu32_eabi.lib</file>
         <name>fd_sub28.asm.obj</name>
      </input_file>
      <input_file id="fl-20">
         <path>C:\ti\ccs1031\ccs\tools\compiler\ti-cgt-c2000_20.2.4.LTS\lib\</path>
         <kind>archive</kind>
         <file>rts2800_fpu32_eabi.lib</file>
         <name>fd_toul28.asm.obj</name>
      </input_file>
      <input_file id="fl-21">
         <path>C:\ti\ccs1031\ccs\tools\compiler\ti-cgt-c2000_20.2.4.LTS\lib\</path>
         <kind>archive</kind>
         <file>rts2800_fpu32_eabi.lib</file>
         <name>fs_div28.asm.obj</name>
      </input_file>
      <input_file id="fl-22">
         <path>C:\ti\ccs1031\ccs\tools\compiler\ti-cgt-c2000_20.2.4.LTS\lib\</path>
         <kind>archive</kind>
         <file>rts2800_fpu32_eabi.lib</file>
         <name>ll_cmp28.asm.obj</name>
      </input_file>
      <input_file id="fl-23">
         <path>C:\ti\ccs1031\ccs\tools\compiler\ti-cgt-c2000_20.2.4.LTS\lib\</path>
         <kind>archive</kind>
         <file>rts2800_fpu32_eabi.lib</file>
         <name>ul_tofd28.asm.obj</name>
      </input_file>
      <input_file id="fl-24">
         <path>C:\ti\ccs1031\ccs\tools\compiler\ti-cgt-c2000_20.2.4.LTS\lib\</path>
         <kind>archive</kind>
         <file>rts2800_fpu32_eabi.lib</file>
         <name>fs_tofdfpu32.asm.obj</name>
      </input_file>
      <input_file id="fl-25">
         <path>C:\ti\ccs1031\ccs\tools\compiler\ti-cgt-c2000_20.2.4.LTS\lib\</path>
         <kind>archive</kind>
         <file>rts2800_fpu32_eabi.lib</file>
         <name>fd_tofsfpu32.asm.obj</name>
      </input_file>
      <input_file id="fl-26">
         <path>C:\ti\ccs1031\ccs\tools\compiler\ti-cgt-c2000_20.2.4.LTS\lib\</path>
         <kind>archive</kind>
         <file>rts2800_fpu32_eabi.lib</file>
         <name>fd_div28.asm.obj</name>
      </input_file>
      <input_file id="fl-27">
         <path>C:\ti\ccs1031\ccs\tools\compiler\ti-cgt-c2000_20.2.4.LTS\lib\</path>
         <kind>archive</kind>
         <file>rts2800_fpu32_eabi.lib</file>
         <name>pre_init.c.obj</name>
      </input_file>
      <input_file id="fl-28">
         <path>C:\ti\ccs1031\ccs\tools\compiler\ti-cgt-c2000_20.2.4.LTS\lib\</path>
         <kind>archive</kind>
         <file>rts2800_fpu32_eabi.lib</file>
         <name>autoinit.c.obj</name>
      </input_file>
      <input_file id="fl-29">
         <path>C:\ti\ccs1031\ccs\tools\compiler\ti-cgt-c2000_20.2.4.LTS\lib\</path>
         <kind>archive</kind>
         <file>rts2800_fpu32_eabi.lib</file>
         <name>copy_zero_init.c.obj</name>
      </input_file>
      <input_file id="fl-2a">
         <path>C:\ti\ccs1031\ccs\tools\compiler\ti-cgt-c2000_20.2.4.LTS\lib\</path>
         <kind>archive</kind>
         <file>rts2800_fpu32_eabi.lib</file>
         <name>copy_decompress_none.c.obj</name>
      </input_file>
      <input_file id="fl-2b">
         <path>C:\ti\ccs1031\ccs\tools\compiler\ti-cgt-c2000_20.2.4.LTS\lib\</path>
         <kind>archive</kind>
         <file>rts2800_fpu32_eabi.lib</file>
         <name>copy_decompress_lzss.c.obj</name>
      </input_file>
      <input_file id="fl-2c">
         <path>C:\ti\ccs1031\ccs\tools\compiler\ti-cgt-c2000_20.2.4.LTS\lib\</path>
         <kind>archive</kind>
         <file>rts2800_fpu32_eabi.lib</file>
         <name>exit.c.obj</name>
      </input_file>
      <input_file id="fl-2d">
         <path>C:\ti\ccs1031\ccs\tools\compiler\ti-cgt-c2000_20.2.4.LTS\lib\</path>
         <kind>archive</kind>
         <file>rts2800_fpu32_eabi.lib</file>
         <name>_lock.c.obj</name>
      </input_file>
      <input_file id="fl-2e">
         <path>C:\ti\ccs1031\ccs\tools\compiler\ti-cgt-c2000_20.2.4.LTS\lib\</path>
         <kind>archive</kind>
         <file>rts2800_fpu32_eabi.lib</file>
         <name>args_main.c.obj</name>
      </input_file>
      <input_file id="fl-2f">
         <path>C:\ti\ccs1031\ccs\tools\compiler\ti-cgt-c2000_20.2.4.LTS\lib\</path>
         <kind>archive</kind>
         <file>rts2800_fpu32_eabi.lib</file>
         <name>memset.c.obj</name>
      </input_file>
      <input_file id="fl-30">
         <path>C:\ti\ccs1031\ccs\tools\compiler\ti-cgt-c2000_20.2.4.LTS\lib\</path>
         <kind>archive</kind>
         <file>rts2800_fpu32_eabi.lib</file>
         <name>cpy_tbl.c.obj</name>
      </input_file>
      <input_file id="fl-31">
         <path>C:\ti\ccs1031\ccs\tools\compiler\ti-cgt-c2000_20.2.4.LTS\lib\</path>
         <kind>archive</kind>
         <file>rts2800_fpu32_eabi.lib</file>
         <name>memcpy.c.obj</name>
      </input_file>
      <input_file id="fl-32">
         <path>C:\ti\ccs1031\ccs\tools\compiler\ti-cgt-c2000_20.2.4.LTS\lib\</path>
         <kind>archive</kind>
         <file>rts2800_fpu32_eabi.lib</file>
         <name>startup.c.obj</name>
      </input_file>
   </input_file_list>
   <object_component_list>
      <object_component id="oc-20">
         <name>codestart</name>
         <load_address>0x0</load_address>
         <run_address>0x0</run_address>
         <size>0x2</size>
         <input_file_ref idref="fl-4"/>
      </object_component>
      <object_component id="oc-f7">
         <name>.TI.ramfunc</name>
         <load_address>0xf4</load_address>
         <run_address>0xf4</run_address>
         <size>0x4</size>
         <input_file_ref idref="fl-10"/>
      </object_component>
      <object_component id="oc-aa">
         <name>.text</name>
         <load_address>0x8000</load_address>
         <run_address>0x8000</run_address>
         <size>0x4ee</size>
         <input_file_ref idref="fl-2"/>
      </object_component>
      <object_component id="oc-d3">
         <name>.text</name>
         <load_address>0x84ee</load_address>
         <run_address>0x84ee</run_address>
         <size>0x1aa</size>
         <input_file_ref idref="fl-3"/>
      </object_component>
      <object_component id="oc-146">
         <name>.text:SysCtl_setClock</name>
         <load_address>0x8698</load_address>
         <run_address>0x8698</run_address>
         <size>0xb6</size>
         <input_file_ref idref="fl-10"/>
      </object_component>
      <object_component id="oc-1b9">
         <name>.text:SysCtl_isPLLValid</name>
         <load_address>0x874e</load_address>
         <run_address>0x874e</run_address>
         <size>0xb2</size>
         <input_file_ref idref="fl-10"/>
      </object_component>
      <object_component id="oc-11a">
         <name>.text</name>
         <load_address>0x8800</load_address>
         <run_address>0x8800</run_address>
         <size>0x9c</size>
         <input_file_ref idref="fl-1d"/>
      </object_component>
      <object_component id="oc-101">
         <name>.text</name>
         <load_address>0x889c</load_address>
         <run_address>0x889c</run_address>
         <size>0x8b</size>
         <input_file_ref idref="fl-26"/>
      </object_component>
      <object_component id="oc-124">
         <name>.text</name>
         <load_address>0x8927</load_address>
         <run_address>0x8927</run_address>
         <size>0x88</size>
         <input_file_ref idref="fl-21"/>
      </object_component>
      <object_component id="oc-115">
         <name>.text</name>
         <load_address>0x89af</load_address>
         <run_address>0x89af</run_address>
         <size>0x83</size>
         <input_file_ref idref="fl-1e"/>
      </object_component>
      <object_component id="oc-216">
         <name>.text:DCC_setCounterSeeds</name>
         <load_address>0x8a32</load_address>
         <run_address>0x8a32</run_address>
         <size>0x7a</size>
         <input_file_ref idref="fl-10"/>
      </object_component>
      <object_component id="oc-f1">
         <name>.text:ADC_setVREF</name>
         <load_address>0x8aac</load_address>
         <run_address>0x8aac</run_address>
         <size>0x64</size>
         <input_file_ref idref="fl-d"/>
      </object_component>
      <object_component id="oc-1b3">
         <name>.text:SysCtl_selectOscSource</name>
         <load_address>0x8b10</load_address>
         <run_address>0x8b10</run_address>
         <size>0x5b</size>
         <input_file_ref idref="fl-10"/>
      </object_component>
      <object_component id="oc-e5">
         <name>.text:GPIO_setPadConfig</name>
         <load_address>0x8b6b</load_address>
         <run_address>0x8b6b</run_address>
         <size>0x52</size>
         <input_file_ref idref="fl-e"/>
      </object_component>
      <object_component id="oc-14c">
         <name>.text:SysCtl_getClock</name>
         <load_address>0x8bbd</load_address>
         <run_address>0x8bbd</run_address>
         <size>0x51</size>
         <input_file_ref idref="fl-10"/>
      </object_component>
      <object_component id="oc-d9">
         <name>.text:Interrupt_initModule</name>
         <load_address>0x8c0e</load_address>
         <run_address>0x8c0e</run_address>
         <size>0x3d</size>
         <input_file_ref idref="fl-f"/>
      </object_component>
      <object_component id="oc-159">
         <name>.text:GPIO_setAnalogMode</name>
         <load_address>0x8c4b</load_address>
         <run_address>0x8c4b</run_address>
         <size>0x3b</size>
         <input_file_ref idref="fl-e"/>
      </object_component>
      <object_component id="oc-eb">
         <name>.text:GPIO_setDirectionMode</name>
         <load_address>0x8c86</load_address>
         <run_address>0x8c86</run_address>
         <size>0x31</size>
         <input_file_ref idref="fl-e"/>
      </object_component>
      <object_component id="oc-13">
         <name>.text:decompress:lzss</name>
         <load_address>0x8cb7</load_address>
         <run_address>0x8cb7</run_address>
         <size>0x31</size>
         <input_file_ref idref="fl-2b"/>
      </object_component>
      <object_component id="oc-7a">
         <name>.text:__TI_auto_init_nobinit_nopinit</name>
         <load_address>0x8ce8</load_address>
         <run_address>0x8ce8</run_address>
         <size>0x2b</size>
         <input_file_ref idref="fl-28"/>
      </object_component>
      <object_component id="oc-6e">
         <name>.text</name>
         <load_address>0x8d13</load_address>
         <run_address>0x8d13</run_address>
         <size>0x29</size>
         <input_file_ref idref="fl-2c"/>
      </object_component>
      <object_component id="oc-238">
         <name>.text:SysCtl_pollX1Counter</name>
         <load_address>0x8d3c</load_address>
         <run_address>0x8d3c</run_address>
         <size>0x26</size>
         <input_file_ref idref="fl-10"/>
      </object_component>
      <object_component id="oc-21c">
         <name>.text:DCC_enableSingleShotMode</name>
         <load_address>0x8d62</load_address>
         <run_address>0x8d62</run_address>
         <size>0x25</size>
         <input_file_ref idref="fl-10"/>
      </object_component>
      <object_component id="oc-1d9">
         <name>.text:SysCtl_selectXTAL</name>
         <load_address>0x8d87</load_address>
         <run_address>0x8d87</run_address>
         <size>0x24</size>
         <input_file_ref idref="fl-10"/>
      </object_component>
      <object_component id="oc-11f">
         <name>.text</name>
         <load_address>0x8dab</load_address>
         <run_address>0x8dab</run_address>
         <size>0x23</size>
         <input_file_ref idref="fl-25"/>
      </object_component>
      <object_component id="oc-df">
         <name>.text:Interrupt_initVectorTable</name>
         <load_address>0x8dce</load_address>
         <run_address>0x8dce</run_address>
         <size>0x20</size>
         <input_file_ref idref="fl-f"/>
      </object_component>
      <object_component id="oc-210">
         <name>.text:DCC_setCounter1ClkSource</name>
         <load_address>0x8dee</load_address>
         <run_address>0x8dee</run_address>
         <size>0x1f</size>
         <input_file_ref idref="fl-10"/>
      </object_component>
      <object_component id="oc-20a">
         <name>.text:DCC_setCounter0ClkSource</name>
         <load_address>0x8e0d</load_address>
         <run_address>0x8e0d</run_address>
         <size>0x1d</size>
         <input_file_ref idref="fl-10"/>
      </object_component>
      <object_component id="oc-28">
         <name>.text</name>
         <load_address>0x8e2a</load_address>
         <run_address>0x8e2a</run_address>
         <size>0x1d</size>
         <input_file_ref idref="fl-31"/>
      </object_component>
      <object_component id="oc-110">
         <name>.text</name>
         <load_address>0x8e47</load_address>
         <run_address>0x8e47</run_address>
         <size>0x1c</size>
         <input_file_ref idref="fl-24"/>
      </object_component>
      <object_component id="oc-10b">
         <name>.text</name>
         <load_address>0x8e63</load_address>
         <run_address>0x8e63</run_address>
         <size>0x1b</size>
         <input_file_ref idref="fl-20"/>
      </object_component>
      <object_component id="oc-186">
         <name>.text:ADC_isBaseValid</name>
         <load_address>0x8e7e</load_address>
         <run_address>0x8e7e</run_address>
         <size>0x1a</size>
         <input_file_ref idref="fl-d"/>
      </object_component>
      <object_component id="oc-153">
         <name>.text:SysCtl_getLowSpeedClock</name>
         <load_address>0x8e98</load_address>
         <run_address>0x8e98</run_address>
         <size>0x1a</size>
         <input_file_ref idref="fl-10"/>
      </object_component>
      <object_component id="oc-1df">
         <name>.text:SysCtl_selectXTALSingleEnded</name>
         <load_address>0x8eb2</load_address>
         <run_address>0x8eb2</run_address>
         <size>0x1a</size>
         <input_file_ref idref="fl-10"/>
      </object_component>
      <object_component id="oc-204">
         <name>.text:DCC_disableDoneSignal</name>
         <load_address>0x8ecc</load_address>
         <run_address>0x8ecc</run_address>
         <size>0x17</size>
         <input_file_ref idref="fl-10"/>
      </object_component>
      <object_component id="oc-228">
         <name>.text:DCC_enableDoneSignal</name>
         <load_address>0x8ee3</load_address>
         <run_address>0x8ee3</run_address>
         <size>0x17</size>
         <input_file_ref idref="fl-10"/>
      </object_component>
      <object_component id="oc-1e6">
         <name>.text:SysCtl_enablePeripheral</name>
         <load_address>0x8efa</load_address>
         <run_address>0x8efa</run_address>
         <size>0x17</size>
         <input_file_ref idref="fl-10"/>
      </object_component>
      <object_component id="oc-53">
         <name>.text</name>
         <load_address>0x8f11</load_address>
         <run_address>0x8f11</run_address>
         <size>0x17</size>
         <input_file_ref idref="fl-1c"/>
      </object_component>
      <object_component id="oc-1f2">
         <name>.text:DCC_clearDoneFlag</name>
         <load_address>0x8f28</load_address>
         <run_address>0x8f28</run_address>
         <size>0x16</size>
         <input_file_ref idref="fl-10"/>
      </object_component>
      <object_component id="oc-1ec">
         <name>.text:DCC_clearErrorFlag</name>
         <load_address>0x8f3e</load_address>
         <run_address>0x8f3e</run_address>
         <size>0x16</size>
         <input_file_ref idref="fl-10"/>
      </object_component>
      <object_component id="oc-1fe">
         <name>.text:DCC_disableErrorSignal</name>
         <load_address>0x8f54</load_address>
         <run_address>0x8f54</run_address>
         <size>0x16</size>
         <input_file_ref idref="fl-10"/>
      </object_component>
      <object_component id="oc-222">
         <name>.text:DCC_enableErrorSignal</name>
         <load_address>0x8f6a</load_address>
         <run_address>0x8f6a</run_address>
         <size>0x16</size>
         <input_file_ref idref="fl-10"/>
      </object_component>
      <object_component id="oc-fb">
         <name>.text</name>
         <load_address>0x8f80</load_address>
         <run_address>0x8f80</run_address>
         <size>0x16</size>
         <input_file_ref idref="fl-23"/>
      </object_component>
      <object_component id="oc-1f8">
         <name>.text:DCC_disableModule</name>
         <load_address>0x8f96</load_address>
         <run_address>0x8f96</run_address>
         <size>0x14</size>
         <input_file_ref idref="fl-10"/>
      </object_component>
      <object_component id="oc-22e">
         <name>.text:DCC_enableModule</name>
         <load_address>0x8faa</load_address>
         <run_address>0x8faa</run_address>
         <size>0x14</size>
         <input_file_ref idref="fl-10"/>
      </object_component>
      <object_component id="oc-17c">
         <name>.text:GPIO_isPinValid</name>
         <load_address>0x8fbe</load_address>
         <run_address>0x8fbe</run_address>
         <size>0x14</size>
         <input_file_ref idref="fl-e"/>
      </object_component>
      <object_component id="oc-247">
         <name>.text:DCC_isBaseValid</name>
         <load_address>0x8fd2</load_address>
         <run_address>0x8fd2</run_address>
         <size>0x10</size>
         <input_file_ref idref="fl-10"/>
      </object_component>
      <object_component id="oc-169">
         <name>.text:Interrupt_defaultHandler</name>
         <load_address>0x8fe2</load_address>
         <run_address>0x8fe2</run_address>
         <size>0xe</size>
         <input_file_ref idref="fl-f"/>
      </object_component>
      <object_component id="oc-106">
         <name>.text</name>
         <load_address>0x8ff0</load_address>
         <run_address>0x8ff0</run_address>
         <size>0xe</size>
         <input_file_ref idref="fl-1f"/>
      </object_component>
      <object_component id="oc-175">
         <name>.text:Interrupt_illegalOperationHandler</name>
         <load_address>0x8ffe</load_address>
         <run_address>0x8ffe</run_address>
         <size>0x2</size>
         <input_file_ref idref="fl-f"/>
      </object_component>
      <object_component id="oc-161">
         <name>.text:Interrupt_disableMaster</name>
         <load_address>0x9000</load_address>
         <run_address>0x9000</run_address>
         <size>0xd</size>
         <input_file_ref idref="fl-f"/>
      </object_component>
      <object_component id="oc-30">
         <name>.text:decompress:ZI:__TI_zero_init_nomemset</name>
         <load_address>0x900d</load_address>
         <run_address>0x900d</run_address>
         <size>0xd</size>
         <input_file_ref idref="fl-29"/>
      </object_component>
      <object_component id="oc-68">
         <name>.text</name>
         <load_address>0x901a</load_address>
         <run_address>0x901a</run_address>
         <size>0xc</size>
         <input_file_ref idref="fl-2e"/>
      </object_component>
      <object_component id="oc-1ad">
         <name>.text:SysCtl_isMCDClockFailureDetected</name>
         <load_address>0x9026</load_address>
         <run_address>0x9026</run_address>
         <size>0xb</size>
         <input_file_ref idref="fl-10"/>
      </object_component>
      <object_component id="oc-133">
         <name>.text</name>
         <load_address>0x9031</load_address>
         <run_address>0x9031</run_address>
         <size>0x9</size>
         <input_file_ref idref="fl-2d"/>
      </object_component>
      <object_component id="oc-19">
         <name>.text:decompress:none</name>
         <load_address>0x903a</load_address>
         <run_address>0x903a</run_address>
         <size>0x8</size>
         <input_file_ref idref="fl-2a"/>
      </object_component>
      <object_component id="oc-3c">
         <name>.text</name>
         <load_address>0x9042</load_address>
         <run_address>0x9042</run_address>
         <size>0x8</size>
         <input_file_ref idref="fl-4"/>
      </object_component>
      <object_component id="oc-23e">
         <name>.text:SysCtl_resetMCD</name>
         <load_address>0x904a</load_address>
         <run_address>0x904a</run_address>
         <size>0x7</size>
         <input_file_ref idref="fl-10"/>
      </object_component>
      <object_component id="oc-16f">
         <name>.text:Interrupt_nmiHandler</name>
         <load_address>0x9051</load_address>
         <run_address>0x9051</run_address>
         <size>0x2</size>
         <input_file_ref idref="fl-f"/>
      </object_component>
      <object_component id="oc-61">
         <name>.text</name>
         <load_address>0x9053</load_address>
         <run_address>0x9053</run_address>
         <size>0x2</size>
         <input_file_ref idref="fl-27"/>
      </object_component>
      <object_component id="oc-bd">
         <name>.text</name>
         <load_address>0x9055</load_address>
         <run_address>0x9055</run_address>
         <size>0x1</size>
         <input_file_ref idref="fl-32"/>
      </object_component>
      <object_component id="oc-285">
         <name>.cinit..data.load</name>
         <load_address>0xf8</load_address>
         <run_address>0xf8</run_address>
         <size>0x1d</size>
      </object_component>
      <object_component id="oc-282">
         <name>__TI_handler_table</name>
         <load_address>0x116</load_address>
         <run_address>0x116</run_address>
         <size>0x6</size>
      </object_component>
      <object_component id="oc-284">
         <name>.cinit..bss.load</name>
         <load_address>0x11c</load_address>
         <run_address>0x11c</run_address>
         <size>0x4</size>
      </object_component>
      <object_component id="oc-283">
         <name>__TI_cinit_table</name>
         <load_address>0x120</load_address>
         <run_address>0x120</run_address>
         <size>0x8</size>
      </object_component>
      <object_component id="oc-25">
         <name>.stack</name>
         <uninitialized>true</uninitialized>
         <run_address>0x400</run_address>
         <size>0x0</size>
         <input_file_ref idref="fl-1c"/>
      </object_component>
      <object_component id="oc-286">
         <name>.stack</name>
         <uninitialized>true</uninitialized>
         <run_address>0x400</run_address>
         <size>0x0</size>
      </object_component>
      <object_component id="oc-f8">
         <name>.bss</name>
         <uninitialized>true</uninitialized>
         <run_address>0xab40</run_address>
         <size>0x20</size>
         <input_file_ref idref="fl-2"/>
      </object_component>
      <object_component id="oc-182">
         <name>.const:.string</name>
         <load_address>0xa800</load_address>
         <run_address>0xa800</run_address>
         <size>0xef</size>
         <input_file_ref idref="fl-e"/>
      </object_component>
      <object_component id="oc-1ac">
         <name>.const:.string</name>
         <load_address>0xa8f0</load_address>
         <run_address>0xa8f0</run_address>
         <size>0xef</size>
         <input_file_ref idref="fl-10"/>
      </object_component>
      <object_component id="oc-d2">
         <name>.const:.string</name>
         <load_address>0xa9e0</load_address>
         <run_address>0xa9e0</run_address>
         <size>0x8d</size>
         <input_file_ref idref="fl-2"/>
      </object_component>
      <object_component id="oc-18c">
         <name>.const:.string</name>
         <load_address>0xaa6e</load_address>
         <run_address>0xaa6e</run_address>
         <size>0x76</size>
         <input_file_ref idref="fl-d"/>
      </object_component>
      <object_component id="oc-100">
         <name>.const</name>
         <load_address>0xaae4</load_address>
         <run_address>0xaae4</run_address>
         <size>0x14</size>
         <input_file_ref idref="fl-2"/>
      </object_component>
      <object_component id="oc-152">
         <name>.const:.string</name>
         <load_address>0xaaf8</load_address>
         <run_address>0xaaf8</run_address>
         <size>0x13</size>
         <input_file_ref idref="fl-3"/>
      </object_component>
      <object_component id="oc-129">
         <name>.data</name>
         <load_address>0xab0c</load_address>
         <run_address>0xab0c</run_address>
         <size>0x18</size>
         <input_file_ref idref="fl-2"/>
      </object_component>
      <object_component id="oc-b2">
         <name>.data</name>
         <load_address>0xab24</load_address>
         <run_address>0xab24</run_address>
         <size>0x6</size>
         <input_file_ref idref="fl-2c"/>
      </object_component>
      <object_component id="oc-b5">
         <name>.data:_lock</name>
         <load_address>0xab2a</load_address>
         <run_address>0xab2a</run_address>
         <size>0x2</size>
         <input_file_ref idref="fl-2d"/>
      </object_component>
      <object_component id="oc-19f">
         <name>.data:_unlock</name>
         <load_address>0xab2c</load_address>
         <run_address>0xab2c</run_address>
         <size>0x2</size>
         <input_file_ref idref="fl-2d"/>
      </object_component>
      <object_component id="oc-12d">
         <name>.debug_types</name>
         <load_address>0x0</load_address>
         <run_address>0x0</run_address>
         <size>0xf0e</size>
         <input_file_ref idref="fl-2"/>
      </object_component>
      <object_component id="oc-160">
         <name>.debug_types</name>
         <load_address>0xf0e</load_address>
         <run_address>0xf0e</run_address>
         <size>0xa36</size>
         <input_file_ref idref="fl-3"/>
      </object_component>
      <object_component id="oc-18e">
         <name>.debug_types</name>
         <load_address>0x1944</load_address>
         <run_address>0x1944</run_address>
         <size>0x151</size>
         <input_file_ref idref="fl-d"/>
      </object_component>
      <object_component id="oc-184">
         <name>.debug_types</name>
         <load_address>0x1a95</load_address>
         <run_address>0x1a95</run_address>
         <size>0x418</size>
         <input_file_ref idref="fl-e"/>
      </object_component>
      <object_component id="oc-168">
         <name>.debug_types</name>
         <load_address>0x0</load_address>
         <run_address>0x0</run_address>
         <size>0x0</size>
         <input_file_ref idref="fl-f"/>
      </object_component>
      <object_component id="oc-1c0">
         <name>.debug_types</name>
         <load_address>0x1ead</load_address>
         <run_address>0x1ead</run_address>
         <size>0x34b</size>
         <input_file_ref idref="fl-10"/>
      </object_component>
      <object_component id="oc-79">
         <name>.debug_types</name>
         <load_address>0x0</load_address>
         <run_address>0x0</run_address>
         <size>0x0</size>
         <input_file_ref idref="fl-27"/>
      </object_component>
      <object_component id="oc-c4">
         <name>.debug_types</name>
         <load_address>0x21f8</load_address>
         <run_address>0x21f8</run_address>
         <size>0x517</size>
         <input_file_ref idref="fl-28"/>
      </object_component>
      <object_component id="oc-4b">
         <name>.debug_types</name>
         <load_address>0x270f</load_address>
         <run_address>0x270f</run_address>
         <size>0x1f3</size>
         <input_file_ref idref="fl-29"/>
      </object_component>
      <object_component id="oc-2f">
         <name>.debug_types</name>
         <load_address>0x0</load_address>
         <run_address>0x0</run_address>
         <size>0x0</size>
         <input_file_ref idref="fl-2a"/>
      </object_component>
      <object_component id="oc-27">
         <name>.debug_types</name>
         <load_address>0x2902</load_address>
         <run_address>0x2902</run_address>
         <size>0x191</size>
         <input_file_ref idref="fl-2b"/>
      </object_component>
      <object_component id="oc-b9">
         <name>.debug_types</name>
         <load_address>0x2a93</load_address>
         <run_address>0x2a93</run_address>
         <size>0xbf</size>
         <input_file_ref idref="fl-2c"/>
      </object_component>
      <object_component id="oc-13b">
         <name>.debug_types</name>
         <load_address>0x2b52</load_address>
         <run_address>0x2b52</run_address>
         <size>0x2f</size>
         <input_file_ref idref="fl-2d"/>
      </object_component>
      <object_component id="oc-b1">
         <name>.debug_types</name>
         <load_address>0x2b81</load_address>
         <run_address>0x2b81</run_address>
         <size>0xe1</size>
         <input_file_ref idref="fl-2e"/>
      </object_component>
      <object_component id="oc-46">
         <name>.debug_types</name>
         <load_address>0x2c62</load_address>
         <run_address>0x2c62</run_address>
         <size>0xb8</size>
         <input_file_ref idref="fl-31"/>
      </object_component>
      <object_component id="oc-140">
         <name>.debug_types</name>
         <load_address>0x0</load_address>
         <run_address>0x0</run_address>
         <size>0x0</size>
         <input_file_ref idref="fl-32"/>
      </object_component>
      <object_component id="oc-f9">
         <name>.debug_info</name>
         <load_address>0x0</load_address>
         <run_address>0x0</run_address>
         <size>0x384</size>
         <input_file_ref idref="fl-2"/>
      </object_component>
      <object_component id="oc-12a">
         <name>.debug_info</name>
         <load_address>0x384</load_address>
         <run_address>0x384</run_address>
         <size>0x264</size>
         <input_file_ref idref="fl-2"/>
      </object_component>
      <object_component id="oc-ac">
         <name>.debug_info</name>
         <load_address>0x5e8</load_address>
         <run_address>0x5e8</run_address>
         <size>0x19a9</size>
         <input_file_ref idref="fl-2"/>
      </object_component>
      <object_component id="oc-d6">
         <name>.debug_info</name>
         <load_address>0x1f91</load_address>
         <run_address>0x1f91</run_address>
         <size>0xf23</size>
         <input_file_ref idref="fl-3"/>
      </object_component>
      <object_component id="oc-23">
         <name>.debug_info</name>
         <load_address>0x2eb4</load_address>
         <run_address>0x2eb4</run_address>
         <size>0x10d</size>
         <input_file_ref idref="fl-4"/>
      </object_component>
      <object_component id="oc-3d">
         <name>.debug_info</name>
         <load_address>0x2fc1</load_address>
         <run_address>0x2fc1</run_address>
         <size>0x10e</size>
         <input_file_ref idref="fl-4"/>
      </object_component>
      <object_component id="oc-187">
         <name>.debug_info</name>
         <load_address>0x30cf</load_address>
         <run_address>0x30cf</run_address>
         <size>0x252</size>
         <input_file_ref idref="fl-d"/>
      </object_component>
      <object_component id="oc-f2">
         <name>.debug_info</name>
         <load_address>0x3321</load_address>
         <run_address>0x3321</run_address>
         <size>0x301</size>
         <input_file_ref idref="fl-d"/>
      </object_component>
      <object_component id="oc-17d">
         <name>.debug_info</name>
         <load_address>0x3622</load_address>
         <run_address>0x3622</run_address>
         <size>0x250</size>
         <input_file_ref idref="fl-e"/>
      </object_component>
      <object_component id="oc-ec">
         <name>.debug_info</name>
         <load_address>0x3872</load_address>
         <run_address>0x3872</run_address>
         <size>0x2c8</size>
         <input_file_ref idref="fl-e"/>
      </object_component>
      <object_component id="oc-e8">
         <name>.debug_info</name>
         <load_address>0x3b3a</load_address>
         <run_address>0x3b3a</run_address>
         <size>0x2b1</size>
         <input_file_ref idref="fl-e"/>
      </object_component>
      <object_component id="oc-15b">
         <name>.debug_info</name>
         <load_address>0x3deb</load_address>
         <run_address>0x3deb</run_address>
         <size>0x2ad</size>
         <input_file_ref idref="fl-e"/>
      </object_component>
      <object_component id="oc-162">
         <name>.debug_info</name>
         <load_address>0x4098</load_address>
         <run_address>0x4098</run_address>
         <size>0x24d</size>
         <input_file_ref idref="fl-f"/>
      </object_component>
      <object_component id="oc-16a">
         <name>.debug_info</name>
         <load_address>0x42e5</load_address>
         <run_address>0x42e5</run_address>
         <size>0x267</size>
         <input_file_ref idref="fl-f"/>
      </object_component>
      <object_component id="oc-176">
         <name>.debug_info</name>
         <load_address>0x454c</load_address>
         <run_address>0x454c</run_address>
         <size>0x24d</size>
         <input_file_ref idref="fl-f"/>
      </object_component>
      <object_component id="oc-170">
         <name>.debug_info</name>
         <load_address>0x4799</load_address>
         <run_address>0x4799</run_address>
         <size>0x233</size>
         <input_file_ref idref="fl-f"/>
      </object_component>
      <object_component id="oc-da">
         <name>.debug_info</name>
         <load_address>0x49cc</load_address>
         <run_address>0x49cc</run_address>
         <size>0x25a</size>
         <input_file_ref idref="fl-f"/>
      </object_component>
      <object_component id="oc-e0">
         <name>.debug_info</name>
         <load_address>0x4c26</load_address>
         <run_address>0x4c26</run_address>
         <size>0x255</size>
         <input_file_ref idref="fl-f"/>
      </object_component>
      <object_component id="oc-1e7">
         <name>.debug_info</name>
         <load_address>0x4e7b</load_address>
         <run_address>0x4e7b</run_address>
         <size>0x296</size>
         <input_file_ref idref="fl-10"/>
      </object_component>
      <object_component id="oc-1af">
         <name>.debug_info</name>
         <load_address>0x5111</load_address>
         <run_address>0x5111</run_address>
         <size>0x259</size>
         <input_file_ref idref="fl-10"/>
      </object_component>
      <object_component id="oc-240">
         <name>.debug_info</name>
         <load_address>0x536a</load_address>
         <run_address>0x536a</run_address>
         <size>0x22f</size>
         <input_file_ref idref="fl-10"/>
      </object_component>
      <object_component id="oc-249">
         <name>.debug_info</name>
         <load_address>0x5599</load_address>
         <run_address>0x5599</run_address>
         <size>0x253</size>
         <input_file_ref idref="fl-10"/>
      </object_component>
      <object_component id="oc-230">
         <name>.debug_info</name>
         <load_address>0x57ec</load_address>
         <run_address>0x57ec</run_address>
         <size>0x271</size>
         <input_file_ref idref="fl-10"/>
      </object_component>
      <object_component id="oc-1fa">
         <name>.debug_info</name>
         <load_address>0x5a5d</load_address>
         <run_address>0x5a5d</run_address>
         <size>0x273</size>
         <input_file_ref idref="fl-10"/>
      </object_component>
      <object_component id="oc-223">
         <name>.debug_info</name>
         <load_address>0x5cd0</load_address>
         <run_address>0x5cd0</run_address>
         <size>0x27d</size>
         <input_file_ref idref="fl-10"/>
      </object_component>
      <object_component id="oc-229">
         <name>.debug_info</name>
         <load_address>0x5f4d</load_address>
         <run_address>0x5f4d</run_address>
         <size>0x27b</size>
         <input_file_ref idref="fl-10"/>
      </object_component>
      <object_component id="oc-200">
         <name>.debug_info</name>
         <load_address>0x61c8</load_address>
         <run_address>0x61c8</run_address>
         <size>0x27f</size>
         <input_file_ref idref="fl-10"/>
      </object_component>
      <object_component id="oc-205">
         <name>.debug_info</name>
         <load_address>0x6447</load_address>
         <run_address>0x6447</run_address>
         <size>0x27d</size>
         <input_file_ref idref="fl-10"/>
      </object_component>
      <object_component id="oc-21d">
         <name>.debug_info</name>
         <load_address>0x66c4</load_address>
         <run_address>0x66c4</run_address>
         <size>0x2a4</size>
         <input_file_ref idref="fl-10"/>
      </object_component>
      <object_component id="oc-1ed">
         <name>.debug_info</name>
         <load_address>0x6968</load_address>
         <run_address>0x6968</run_address>
         <size>0x277</size>
         <input_file_ref idref="fl-10"/>
      </object_component>
      <object_component id="oc-1f3">
         <name>.debug_info</name>
         <load_address>0x6bdf</load_address>
         <run_address>0x6bdf</run_address>
         <size>0x275</size>
         <input_file_ref idref="fl-10"/>
      </object_component>
      <object_component id="oc-211">
         <name>.debug_info</name>
         <load_address>0x6e54</load_address>
         <run_address>0x6e54</run_address>
         <size>0x2a8</size>
         <input_file_ref idref="fl-10"/>
      </object_component>
      <object_component id="oc-20c">
         <name>.debug_info</name>
         <load_address>0x70fc</load_address>
         <run_address>0x70fc</run_address>
         <size>0x2a8</size>
         <input_file_ref idref="fl-10"/>
      </object_component>
      <object_component id="oc-217">
         <name>.debug_info</name>
         <load_address>0x73a4</load_address>
         <run_address>0x73a4</run_address>
         <size>0x317</size>
         <input_file_ref idref="fl-10"/>
      </object_component>
      <object_component id="oc-239">
         <name>.debug_info</name>
         <load_address>0x76bb</load_address>
         <run_address>0x76bb</run_address>
         <size>0x25f</size>
         <input_file_ref idref="fl-10"/>
      </object_component>
      <object_component id="oc-14d">
         <name>.debug_info</name>
         <load_address>0x791a</load_address>
         <run_address>0x791a</run_address>
         <size>0x2c2</size>
         <input_file_ref idref="fl-10"/>
      </object_component>
      <object_component id="oc-147">
         <name>.debug_info</name>
         <load_address>0x7bdc</load_address>
         <run_address>0x7bdc</run_address>
         <size>0x39c</size>
         <input_file_ref idref="fl-10"/>
      </object_component>
      <object_component id="oc-1da">
         <name>.debug_info</name>
         <load_address>0x7f78</load_address>
         <run_address>0x7f78</run_address>
         <size>0x2a2</size>
         <input_file_ref idref="fl-10"/>
      </object_component>
      <object_component id="oc-1e0">
         <name>.debug_info</name>
         <load_address>0x821a</load_address>
         <run_address>0x821a</run_address>
         <size>0x289</size>
         <input_file_ref idref="fl-10"/>
      </object_component>
      <object_component id="oc-1b4">
         <name>.debug_info</name>
         <load_address>0x84a3</load_address>
         <run_address>0x84a3</run_address>
         <size>0x2b0</size>
         <input_file_ref idref="fl-10"/>
      </object_component>
      <object_component id="oc-154">
         <name>.debug_info</name>
         <load_address>0x8753</load_address>
         <run_address>0x8753</run_address>
         <size>0x29c</size>
         <input_file_ref idref="fl-10"/>
      </object_component>
      <object_component id="oc-1ba">
         <name>.debug_info</name>
         <load_address>0x89ef</load_address>
         <run_address>0x89ef</run_address>
         <size>0x49b</size>
         <input_file_ref idref="fl-10"/>
      </object_component>
      <object_component id="oc-54">
         <name>.debug_info</name>
         <load_address>0x8e8a</load_address>
         <run_address>0x8e8a</run_address>
         <size>0x158</size>
         <input_file_ref idref="fl-1c"/>
      </object_component>
      <object_component id="oc-11d">
         <name>.debug_info</name>
         <load_address>0x8fe2</load_address>
         <run_address>0x8fe2</run_address>
         <size>0x127</size>
         <input_file_ref idref="fl-1d"/>
      </object_component>
      <object_component id="oc-118">
         <name>.debug_info</name>
         <load_address>0x9109</load_address>
         <run_address>0x9109</run_address>
         <size>0x127</size>
         <input_file_ref idref="fl-1e"/>
      </object_component>
      <object_component id="oc-109">
         <name>.debug_info</name>
         <load_address>0x9230</load_address>
         <run_address>0x9230</run_address>
         <size>0x13b</size>
         <input_file_ref idref="fl-1f"/>
      </object_component>
      <object_component id="oc-10d">
         <name>.debug_info</name>
         <load_address>0x936b</load_address>
         <run_address>0x936b</run_address>
         <size>0x12a</size>
         <input_file_ref idref="fl-20"/>
      </object_component>
      <object_component id="oc-127">
         <name>.debug_info</name>
         <load_address>0x9495</load_address>
         <run_address>0x9495</run_address>
         <size>0x127</size>
         <input_file_ref idref="fl-21"/>
      </object_component>
      <object_component id="oc-fe">
         <name>.debug_info</name>
         <load_address>0x95bc</load_address>
         <run_address>0x95bc</run_address>
         <size>0x12e</size>
         <input_file_ref idref="fl-23"/>
      </object_component>
      <object_component id="oc-113">
         <name>.debug_info</name>
         <load_address>0x96ea</load_address>
         <run_address>0x96ea</run_address>
         <size>0x12b</size>
         <input_file_ref idref="fl-24"/>
      </object_component>
      <object_component id="oc-120">
         <name>.debug_info</name>
         <load_address>0x9815</load_address>
         <run_address>0x9815</run_address>
         <size>0x12b</size>
         <input_file_ref idref="fl-25"/>
      </object_component>
      <object_component id="oc-102">
         <name>.debug_info</name>
         <load_address>0x9940</load_address>
         <run_address>0x9940</run_address>
         <size>0x127</size>
         <input_file_ref idref="fl-26"/>
      </object_component>
      <object_component id="oc-62">
         <name>.debug_info</name>
         <load_address>0x9a67</load_address>
         <run_address>0x9a67</run_address>
         <size>0x14d</size>
         <input_file_ref idref="fl-27"/>
      </object_component>
      <object_component id="oc-7b">
         <name>.debug_info</name>
         <load_address>0x9bb4</load_address>
         <run_address>0x9bb4</run_address>
         <size>0x1bf</size>
         <input_file_ref idref="fl-28"/>
      </object_component>
      <object_component id="oc-34">
         <name>.debug_info</name>
         <load_address>0x9d73</load_address>
         <run_address>0x9d73</run_address>
         <size>0x1b6</size>
         <input_file_ref idref="fl-29"/>
      </object_component>
      <object_component id="oc-1b">
         <name>.debug_info</name>
         <load_address>0x9f29</load_address>
         <run_address>0x9f29</run_address>
         <size>0x1b7</size>
         <input_file_ref idref="fl-2a"/>
      </object_component>
      <object_component id="oc-14">
         <name>.debug_info</name>
         <load_address>0xa0e0</load_address>
         <run_address>0xa0e0</run_address>
         <size>0x20c</size>
         <input_file_ref idref="fl-2b"/>
      </object_component>
      <object_component id="oc-b3">
         <name>.debug_info</name>
         <load_address>0xa2ec</load_address>
         <run_address>0xa2ec</run_address>
         <size>0x19e</size>
         <input_file_ref idref="fl-2c"/>
      </object_component>
      <object_component id="oc-72">
         <name>.debug_info</name>
         <load_address>0xa48a</load_address>
         <run_address>0xa48a</run_address>
         <size>0x1a9</size>
         <input_file_ref idref="fl-2c"/>
      </object_component>
      <object_component id="oc-b6">
         <name>.debug_info</name>
         <load_address>0xa633</load_address>
         <run_address>0xa633</run_address>
         <size>0x107</size>
         <input_file_ref idref="fl-2d"/>
      </object_component>
      <object_component id="oc-1a0">
         <name>.debug_info</name>
         <load_address>0xa73a</load_address>
         <run_address>0xa73a</run_address>
         <size>0x10b</size>
         <input_file_ref idref="fl-2d"/>
      </object_component>
      <object_component id="oc-137">
         <name>.debug_info</name>
         <load_address>0xa845</load_address>
         <run_address>0xa845</run_address>
         <size>0x203</size>
         <input_file_ref idref="fl-2d"/>
      </object_component>
      <object_component id="oc-6a">
         <name>.debug_info</name>
         <load_address>0xaa48</load_address>
         <run_address>0xaa48</run_address>
         <size>0x15d</size>
         <input_file_ref idref="fl-2e"/>
      </object_component>
      <object_component id="oc-2a">
         <name>.debug_info</name>
         <load_address>0xaba5</load_address>
         <run_address>0xaba5</run_address>
         <size>0x19b</size>
         <input_file_ref idref="fl-31"/>
      </object_component>
      <object_component id="oc-bf">
         <name>.debug_info</name>
         <load_address>0xad40</load_address>
         <run_address>0xad40</run_address>
         <size>0x147</size>
         <input_file_ref idref="fl-32"/>
      </object_component>
      <object_component id="oc-28a">
         <name>.debug_info</name>
         <load_address>0xae87</load_address>
         <run_address>0xae87</run_address>
         <size>0xad</size>
      </object_component>
      <object_component id="oc-190">
         <name>.debug_line</name>
         <load_address>0x0</load_address>
         <run_address>0x0</run_address>
         <size>0x3f</size>
         <input_file_ref idref="fl-2"/>
      </object_component>
      <object_component id="oc-19b">
         <name>.debug_line</name>
         <load_address>0x3f</load_address>
         <run_address>0x3f</run_address>
         <size>0x3f</size>
         <input_file_ref idref="fl-2"/>
      </object_component>
      <object_component id="oc-af">
         <name>.debug_line</name>
         <load_address>0x7e</load_address>
         <run_address>0x7e</run_address>
         <size>0x39d</size>
         <input_file_ref idref="fl-2"/>
      </object_component>
      <object_component id="oc-19d">
         <name>.debug_line</name>
         <load_address>0x41b</load_address>
         <run_address>0x41b</run_address>
         <size>0x192</size>
         <input_file_ref idref="fl-2"/>
      </object_component>
      <object_component id="oc-d5">
         <name>.debug_line</name>
         <load_address>0x5ad</load_address>
         <run_address>0x5ad</run_address>
         <size>0x28c</size>
         <input_file_ref idref="fl-3"/>
      </object_component>
      <object_component id="oc-1c5">
         <name>.debug_line</name>
         <load_address>0x839</load_address>
         <run_address>0x839</run_address>
         <size>0x6d</size>
         <input_file_ref idref="fl-3"/>
      </object_component>
      <object_component id="oc-22">
         <name>.debug_line</name>
         <load_address>0x8a6</load_address>
         <run_address>0x8a6</run_address>
         <size>0x55</size>
         <input_file_ref idref="fl-4"/>
      </object_component>
      <object_component id="oc-40">
         <name>.debug_line</name>
         <load_address>0x8fb</load_address>
         <run_address>0x8fb</run_address>
         <size>0x5d</size>
         <input_file_ref idref="fl-4"/>
      </object_component>
      <object_component id="oc-18a">
         <name>.debug_line</name>
         <load_address>0x958</load_address>
         <run_address>0x958</run_address>
         <size>0xb0</size>
         <input_file_ref idref="fl-d"/>
      </object_component>
      <object_component id="oc-f5">
         <name>.debug_line</name>
         <load_address>0xa08</load_address>
         <run_address>0xa08</run_address>
         <size>0xda</size>
         <input_file_ref idref="fl-d"/>
      </object_component>
      <object_component id="oc-1d4">
         <name>.debug_line</name>
         <load_address>0xae2</load_address>
         <run_address>0xae2</run_address>
         <size>0x115</size>
         <input_file_ref idref="fl-d"/>
      </object_component>
      <object_component id="oc-181">
         <name>.debug_line</name>
         <load_address>0xbf7</load_address>
         <run_address>0xbf7</run_address>
         <size>0xb1</size>
         <input_file_ref idref="fl-e"/>
      </object_component>
      <object_component id="oc-f0">
         <name>.debug_line</name>
         <load_address>0xca8</load_address>
         <run_address>0xca8</run_address>
         <size>0xbb</size>
         <input_file_ref idref="fl-e"/>
      </object_component>
      <object_component id="oc-e7">
         <name>.debug_line</name>
         <load_address>0xd63</load_address>
         <run_address>0xd63</run_address>
         <size>0xca</size>
         <input_file_ref idref="fl-e"/>
      </object_component>
      <object_component id="oc-15e">
         <name>.debug_line</name>
         <load_address>0xe2d</load_address>
         <run_address>0xe2d</run_address>
         <size>0xbc</size>
         <input_file_ref idref="fl-e"/>
      </object_component>
      <object_component id="oc-1d0">
         <name>.debug_line</name>
         <load_address>0xee9</load_address>
         <run_address>0xee9</run_address>
         <size>0x116</size>
         <input_file_ref idref="fl-e"/>
      </object_component>
      <object_component id="oc-165">
         <name>.debug_line</name>
         <load_address>0xfff</load_address>
         <run_address>0xfff</run_address>
         <size>0xb6</size>
         <input_file_ref idref="fl-f"/>
      </object_component>
      <object_component id="oc-16d">
         <name>.debug_line</name>
         <load_address>0x10b5</load_address>
         <run_address>0x10b5</run_address>
         <size>0xbc</size>
         <input_file_ref idref="fl-f"/>
      </object_component>
      <object_component id="oc-17a">
         <name>.debug_line</name>
         <load_address>0x1171</load_address>
         <run_address>0x1171</run_address>
         <size>0xb4</size>
         <input_file_ref idref="fl-f"/>
      </object_component>
      <object_component id="oc-174">
         <name>.debug_line</name>
         <load_address>0x1225</load_address>
         <run_address>0x1225</run_address>
         <size>0xb4</size>
         <input_file_ref idref="fl-f"/>
      </object_component>
      <object_component id="oc-dd">
         <name>.debug_line</name>
         <load_address>0x12d9</load_address>
         <run_address>0x12d9</run_address>
         <size>0xd1</size>
         <input_file_ref idref="fl-f"/>
      </object_component>
      <object_component id="oc-e4">
         <name>.debug_line</name>
         <load_address>0x13aa</load_address>
         <run_address>0x13aa</run_address>
         <size>0xca</size>
         <input_file_ref idref="fl-f"/>
      </object_component>
      <object_component id="oc-1c9">
         <name>.debug_line</name>
         <load_address>0x1474</load_address>
         <run_address>0x1474</run_address>
         <size>0x21</size>
         <input_file_ref idref="fl-f"/>
      </object_component>
      <object_component id="oc-1ea">
         <name>.debug_line</name>
         <load_address>0x1495</load_address>
         <run_address>0x1495</run_address>
         <size>0xb7</size>
         <input_file_ref idref="fl-10"/>
      </object_component>
      <object_component id="oc-1ae">
         <name>.debug_line</name>
         <load_address>0x154c</load_address>
         <run_address>0x154c</run_address>
         <size>0xb3</size>
         <input_file_ref idref="fl-10"/>
      </object_component>
      <object_component id="oc-23f">
         <name>.debug_line</name>
         <load_address>0x15ff</load_address>
         <run_address>0x15ff</run_address>
         <size>0xb5</size>
         <input_file_ref idref="fl-10"/>
      </object_component>
      <object_component id="oc-248">
         <name>.debug_line</name>
         <load_address>0x16b4</load_address>
         <run_address>0x16b4</run_address>
         <size>0xb0</size>
         <input_file_ref idref="fl-10"/>
      </object_component>
      <object_component id="oc-22f">
         <name>.debug_line</name>
         <load_address>0x1764</load_address>
         <run_address>0x1764</run_address>
         <size>0xb3</size>
         <input_file_ref idref="fl-10"/>
      </object_component>
      <object_component id="oc-1f9">
         <name>.debug_line</name>
         <load_address>0x1817</load_address>
         <run_address>0x1817</run_address>
         <size>0xb3</size>
         <input_file_ref idref="fl-10"/>
      </object_component>
      <object_component id="oc-226">
         <name>.debug_line</name>
         <load_address>0x18ca</load_address>
         <run_address>0x18ca</run_address>
         <size>0xb3</size>
         <input_file_ref idref="fl-10"/>
      </object_component>
      <object_component id="oc-22c">
         <name>.debug_line</name>
         <load_address>0x197d</load_address>
         <run_address>0x197d</run_address>
         <size>0xb3</size>
         <input_file_ref idref="fl-10"/>
      </object_component>
      <object_component id="oc-1ff">
         <name>.debug_line</name>
         <load_address>0x1a30</load_address>
         <run_address>0x1a30</run_address>
         <size>0xb3</size>
         <input_file_ref idref="fl-10"/>
      </object_component>
      <object_component id="oc-208">
         <name>.debug_line</name>
         <load_address>0x1ae3</load_address>
         <run_address>0x1ae3</run_address>
         <size>0xb3</size>
         <input_file_ref idref="fl-10"/>
      </object_component>
      <object_component id="oc-220">
         <name>.debug_line</name>
         <load_address>0x1b96</load_address>
         <run_address>0x1b96</run_address>
         <size>0xb9</size>
         <input_file_ref idref="fl-10"/>
      </object_component>
      <object_component id="oc-1f0">
         <name>.debug_line</name>
         <load_address>0x1c4f</load_address>
         <run_address>0x1c4f</run_address>
         <size>0xb3</size>
         <input_file_ref idref="fl-10"/>
      </object_component>
      <object_component id="oc-1f6">
         <name>.debug_line</name>
         <load_address>0x1d02</load_address>
         <run_address>0x1d02</run_address>
         <size>0xb3</size>
         <input_file_ref idref="fl-10"/>
      </object_component>
      <object_component id="oc-214">
         <name>.debug_line</name>
         <load_address>0x1db5</load_address>
         <run_address>0x1db5</run_address>
         <size>0xb3</size>
         <input_file_ref idref="fl-10"/>
      </object_component>
      <object_component id="oc-20b">
         <name>.debug_line</name>
         <load_address>0x1e68</load_address>
         <run_address>0x1e68</run_address>
         <size>0xb3</size>
         <input_file_ref idref="fl-10"/>
      </object_component>
      <object_component id="oc-21a">
         <name>.debug_line</name>
         <load_address>0x1f1b</load_address>
         <run_address>0x1f1b</run_address>
         <size>0xbd</size>
         <input_file_ref idref="fl-10"/>
      </object_component>
      <object_component id="oc-23d">
         <name>.debug_line</name>
         <load_address>0x1fd8</load_address>
         <run_address>0x1fd8</run_address>
         <size>0xc6</size>
         <input_file_ref idref="fl-10"/>
      </object_component>
      <object_component id="oc-151">
         <name>.debug_line</name>
         <load_address>0x209e</load_address>
         <run_address>0x209e</run_address>
         <size>0xcd</size>
         <input_file_ref idref="fl-10"/>
      </object_component>
      <object_component id="oc-14b">
         <name>.debug_line</name>
         <load_address>0x216b</load_address>
         <run_address>0x216b</run_address>
         <size>0x12a</size>
         <input_file_ref idref="fl-10"/>
      </object_component>
      <object_component id="oc-1dd">
         <name>.debug_line</name>
         <load_address>0x2295</load_address>
         <run_address>0x2295</run_address>
         <size>0xc7</size>
         <input_file_ref idref="fl-10"/>
      </object_component>
      <object_component id="oc-1e4">
         <name>.debug_line</name>
         <load_address>0x235c</load_address>
         <run_address>0x235c</run_address>
         <size>0xc1</size>
         <input_file_ref idref="fl-10"/>
      </object_component>
      <object_component id="oc-1b7">
         <name>.debug_line</name>
         <load_address>0x241d</load_address>
         <run_address>0x241d</run_address>
         <size>0xcf</size>
         <input_file_ref idref="fl-10"/>
      </object_component>
      <object_component id="oc-157">
         <name>.debug_line</name>
         <load_address>0x24ec</load_address>
         <run_address>0x24ec</run_address>
         <size>0xba</size>
         <input_file_ref idref="fl-10"/>
      </object_component>
      <object_component id="oc-1bd">
         <name>.debug_line</name>
         <load_address>0x25a6</load_address>
         <run_address>0x25a6</run_address>
         <size>0x101</size>
         <input_file_ref idref="fl-10"/>
      </object_component>
      <object_component id="oc-236">
         <name>.debug_line</name>
         <load_address>0x26a7</load_address>
         <run_address>0x26a7</run_address>
         <size>0x118</size>
         <input_file_ref idref="fl-10"/>
      </object_component>
      <object_component id="oc-57">
         <name>.debug_line</name>
         <load_address>0x27bf</load_address>
         <run_address>0x27bf</run_address>
         <size>0x4f</size>
         <input_file_ref idref="fl-1c"/>
      </object_component>
      <object_component id="oc-11b">
         <name>.debug_line</name>
         <load_address>0x280e</load_address>
         <run_address>0x280e</run_address>
         <size>0xc5</size>
         <input_file_ref idref="fl-1d"/>
      </object_component>
      <object_component id="oc-117">
         <name>.debug_line</name>
         <load_address>0x28d3</load_address>
         <run_address>0x28d3</run_address>
         <size>0xa3</size>
         <input_file_ref idref="fl-1e"/>
      </object_component>
      <object_component id="oc-108">
         <name>.debug_line</name>
         <load_address>0x2976</load_address>
         <run_address>0x2976</run_address>
         <size>0x4a</size>
         <input_file_ref idref="fl-1f"/>
      </object_component>
      <object_component id="oc-10f">
         <name>.debug_line</name>
         <load_address>0x29c0</load_address>
         <run_address>0x29c0</run_address>
         <size>0x58</size>
         <input_file_ref idref="fl-20"/>
      </object_component>
      <object_component id="oc-125">
         <name>.debug_line</name>
         <load_address>0x2a18</load_address>
         <run_address>0x2a18</run_address>
         <size>0xae</size>
         <input_file_ref idref="fl-21"/>
      </object_component>
      <object_component id="oc-fc">
         <name>.debug_line</name>
         <load_address>0x2ac6</load_address>
         <run_address>0x2ac6</run_address>
         <size>0x53</size>
         <input_file_ref idref="fl-23"/>
      </object_component>
      <object_component id="oc-111">
         <name>.debug_line</name>
         <load_address>0x2b19</load_address>
         <run_address>0x2b19</run_address>
         <size>0x59</size>
         <input_file_ref idref="fl-24"/>
      </object_component>
      <object_component id="oc-123">
         <name>.debug_line</name>
         <load_address>0x2b72</load_address>
         <run_address>0x2b72</run_address>
         <size>0x5f</size>
         <input_file_ref idref="fl-25"/>
      </object_component>
      <object_component id="oc-105">
         <name>.debug_line</name>
         <load_address>0x2bd1</load_address>
         <run_address>0x2bd1</run_address>
         <size>0xb4</size>
         <input_file_ref idref="fl-26"/>
      </object_component>
      <object_component id="oc-65">
         <name>.debug_line</name>
         <load_address>0x2c85</load_address>
         <run_address>0x2c85</run_address>
         <size>0x3f</size>
         <input_file_ref idref="fl-27"/>
      </object_component>
      <object_component id="oc-bb">
         <name>.debug_line</name>
         <load_address>0x2cc4</load_address>
         <run_address>0x2cc4</run_address>
         <size>0x21</size>
         <input_file_ref idref="fl-27"/>
      </object_component>
      <object_component id="oc-7e">
         <name>.debug_line</name>
         <load_address>0x2ce5</load_address>
         <run_address>0x2ce5</run_address>
         <size>0x71</size>
         <input_file_ref idref="fl-28"/>
      </object_component>
      <object_component id="oc-142">
         <name>.debug_line</name>
         <load_address>0x2d56</load_address>
         <run_address>0x2d56</run_address>
         <size>0x21</size>
         <input_file_ref idref="fl-28"/>
      </object_component>
      <object_component id="oc-31">
         <name>.debug_line</name>
         <load_address>0x2d77</load_address>
         <run_address>0x2d77</run_address>
         <size>0x52</size>
         <input_file_ref idref="fl-29"/>
      </object_component>
      <object_component id="oc-5d">
         <name>.debug_line</name>
         <load_address>0x2dc9</load_address>
         <run_address>0x2dc9</run_address>
         <size>0x21</size>
         <input_file_ref idref="fl-29"/>
      </object_component>
      <object_component id="oc-1e">
         <name>.debug_line</name>
         <load_address>0x2dea</load_address>
         <run_address>0x2dea</run_address>
         <size>0x57</size>
         <input_file_ref idref="fl-2a"/>
      </object_component>
      <object_component id="oc-48">
         <name>.debug_line</name>
         <load_address>0x2e41</load_address>
         <run_address>0x2e41</run_address>
         <size>0x21</size>
         <input_file_ref idref="fl-2a"/>
      </object_component>
      <object_component id="oc-17">
         <name>.debug_line</name>
         <load_address>0x2e62</load_address>
         <run_address>0x2e62</run_address>
         <size>0x9a</size>
         <input_file_ref idref="fl-2b"/>
      </object_component>
      <object_component id="oc-43">
         <name>.debug_line</name>
         <load_address>0x2efc</load_address>
         <run_address>0x2efc</run_address>
         <size>0x21</size>
         <input_file_ref idref="fl-2b"/>
      </object_component>
      <object_component id="oc-132">
         <name>.debug_line</name>
         <load_address>0x2f1d</load_address>
         <run_address>0x2f1d</run_address>
         <size>0x2b</size>
         <input_file_ref idref="fl-2c"/>
      </object_component>
      <object_component id="oc-70">
         <name>.debug_line</name>
         <load_address>0x2f48</load_address>
         <run_address>0x2f48</run_address>
         <size>0x66</size>
         <input_file_ref idref="fl-2c"/>
      </object_component>
      <object_component id="oc-13d">
         <name>.debug_line</name>
         <load_address>0x2fae</load_address>
         <run_address>0x2fae</run_address>
         <size>0x21</size>
         <input_file_ref idref="fl-2c"/>
      </object_component>
      <object_component id="oc-13a">
         <name>.debug_line</name>
         <load_address>0x2fcf</load_address>
         <run_address>0x2fcf</run_address>
         <size>0x2c</size>
         <input_file_ref idref="fl-2d"/>
      </object_component>
      <object_component id="oc-1d7">
         <name>.debug_line</name>
         <load_address>0x2ffb</load_address>
         <run_address>0x2ffb</run_address>
         <size>0x2c</size>
         <input_file_ref idref="fl-2d"/>
      </object_component>
      <object_component id="oc-136">
         <name>.debug_line</name>
         <load_address>0x3027</load_address>
         <run_address>0x3027</run_address>
         <size>0x5f</size>
         <input_file_ref idref="fl-2d"/>
      </object_component>
      <object_component id="oc-1a4">
         <name>.debug_line</name>
         <load_address>0x3086</load_address>
         <run_address>0x3086</run_address>
         <size>0x21</size>
         <input_file_ref idref="fl-2d"/>
      </object_component>
      <object_component id="oc-69">
         <name>.debug_line</name>
         <load_address>0x30a7</load_address>
         <run_address>0x30a7</run_address>
         <size>0x4e</size>
         <input_file_ref idref="fl-2e"/>
      </object_component>
      <object_component id="oc-12f">
         <name>.debug_line</name>
         <load_address>0x30f5</load_address>
         <run_address>0x30f5</run_address>
         <size>0x30</size>
         <input_file_ref idref="fl-2e"/>
      </object_component>
      <object_component id="oc-29">
         <name>.debug_line</name>
         <load_address>0x3125</load_address>
         <run_address>0x3125</run_address>
         <size>0x63</size>
         <input_file_ref idref="fl-31"/>
      </object_component>
      <object_component id="oc-5a">
         <name>.debug_line</name>
         <load_address>0x3188</load_address>
         <run_address>0x3188</run_address>
         <size>0x21</size>
         <input_file_ref idref="fl-31"/>
      </object_component>
      <object_component id="oc-be">
         <name>.debug_line</name>
         <load_address>0x31a9</load_address>
         <run_address>0x31a9</run_address>
         <size>0x3b</size>
         <input_file_ref idref="fl-32"/>
      </object_component>
      <object_component id="oc-1a7">
         <name>.debug_line</name>
         <load_address>0x31e4</load_address>
         <run_address>0x31e4</run_address>
         <size>0x21</size>
         <input_file_ref idref="fl-32"/>
      </object_component>
      <object_component id="oc-ae">
         <name>.debug_frame</name>
         <load_address>0x0</load_address>
         <run_address>0x0</run_address>
         <size>0x27c</size>
         <input_file_ref idref="fl-2"/>
      </object_component>
      <object_component id="oc-d8">
         <name>.debug_frame</name>
         <load_address>0x27c</load_address>
         <run_address>0x27c</run_address>
         <size>0x12c</size>
         <input_file_ref idref="fl-3"/>
      </object_component>
      <object_component id="oc-18b">
         <name>.debug_frame</name>
         <load_address>0x3a8</load_address>
         <run_address>0x3a8</run_address>
         <size>0x44</size>
         <input_file_ref idref="fl-d"/>
      </object_component>
      <object_component id="oc-f6">
         <name>.debug_frame</name>
         <load_address>0x3ec</load_address>
         <run_address>0x3ec</run_address>
         <size>0x44</size>
         <input_file_ref idref="fl-d"/>
      </object_component>
      <object_component id="oc-180">
         <name>.debug_frame</name>
         <load_address>0x430</load_address>
         <run_address>0x430</run_address>
         <size>0x44</size>
         <input_file_ref idref="fl-e"/>
      </object_component>
      <object_component id="oc-ef">
         <name>.debug_frame</name>
         <load_address>0x474</load_address>
         <run_address>0x474</run_address>
         <size>0x44</size>
         <input_file_ref idref="fl-e"/>
      </object_component>
      <object_component id="oc-ea">
         <name>.debug_frame</name>
         <load_address>0x4b8</load_address>
         <run_address>0x4b8</run_address>
         <size>0x44</size>
         <input_file_ref idref="fl-e"/>
      </object_component>
      <object_component id="oc-15a">
         <name>.debug_frame</name>
         <load_address>0x4fc</load_address>
         <run_address>0x4fc</run_address>
         <size>0x44</size>
         <input_file_ref idref="fl-e"/>
      </object_component>
      <object_component id="oc-166">
         <name>.debug_frame</name>
         <load_address>0x540</load_address>
         <run_address>0x540</run_address>
         <size>0x40</size>
         <input_file_ref idref="fl-f"/>
      </object_component>
      <object_component id="oc-16e">
         <name>.debug_frame</name>
         <load_address>0x580</load_address>
         <run_address>0x580</run_address>
         <size>0x40</size>
         <input_file_ref idref="fl-f"/>
      </object_component>
      <object_component id="oc-179">
         <name>.debug_frame</name>
         <load_address>0x5c0</load_address>
         <run_address>0x5c0</run_address>
         <size>0x40</size>
         <input_file_ref idref="fl-f"/>
      </object_component>
      <object_component id="oc-173">
         <name>.debug_frame</name>
         <load_address>0x600</load_address>
         <run_address>0x600</run_address>
         <size>0x40</size>
         <input_file_ref idref="fl-f"/>
      </object_component>
      <object_component id="oc-de">
         <name>.debug_frame</name>
         <load_address>0x640</load_address>
         <run_address>0x640</run_address>
         <size>0x40</size>
         <input_file_ref idref="fl-f"/>
      </object_component>
      <object_component id="oc-e3">
         <name>.debug_frame</name>
         <load_address>0x680</load_address>
         <run_address>0x680</run_address>
         <size>0x44</size>
         <input_file_ref idref="fl-f"/>
      </object_component>
      <object_component id="oc-1eb">
         <name>.debug_frame</name>
         <load_address>0x6c4</load_address>
         <run_address>0x6c4</run_address>
         <size>0x44</size>
         <input_file_ref idref="fl-10"/>
      </object_component>
      <object_component id="oc-1b2">
         <name>.debug_frame</name>
         <load_address>0x708</load_address>
         <run_address>0x708</run_address>
         <size>0x40</size>
         <input_file_ref idref="fl-10"/>
      </object_component>
      <object_component id="oc-243">
         <name>.debug_frame</name>
         <load_address>0x748</load_address>
         <run_address>0x748</run_address>
         <size>0x40</size>
         <input_file_ref idref="fl-10"/>
      </object_component>
      <object_component id="oc-24c">
         <name>.debug_frame</name>
         <load_address>0x788</load_address>
         <run_address>0x788</run_address>
         <size>0x44</size>
         <input_file_ref idref="fl-10"/>
      </object_component>
      <object_component id="oc-233">
         <name>.debug_frame</name>
         <load_address>0x7cc</load_address>
         <run_address>0x7cc</run_address>
         <size>0x44</size>
         <input_file_ref idref="fl-10"/>
      </object_component>
      <object_component id="oc-1fd">
         <name>.debug_frame</name>
         <load_address>0x810</load_address>
         <run_address>0x810</run_address>
         <size>0x44</size>
         <input_file_ref idref="fl-10"/>
      </object_component>
      <object_component id="oc-227">
         <name>.debug_frame</name>
         <load_address>0x854</load_address>
         <run_address>0x854</run_address>
         <size>0x44</size>
         <input_file_ref idref="fl-10"/>
      </object_component>
      <object_component id="oc-22d">
         <name>.debug_frame</name>
         <load_address>0x898</load_address>
         <run_address>0x898</run_address>
         <size>0x44</size>
         <input_file_ref idref="fl-10"/>
      </object_component>
      <object_component id="oc-203">
         <name>.debug_frame</name>
         <load_address>0x8dc</load_address>
         <run_address>0x8dc</run_address>
         <size>0x44</size>
         <input_file_ref idref="fl-10"/>
      </object_component>
      <object_component id="oc-209">
         <name>.debug_frame</name>
         <load_address>0x920</load_address>
         <run_address>0x920</run_address>
         <size>0x44</size>
         <input_file_ref idref="fl-10"/>
      </object_component>
      <object_component id="oc-221">
         <name>.debug_frame</name>
         <load_address>0x964</load_address>
         <run_address>0x964</run_address>
         <size>0x44</size>
         <input_file_ref idref="fl-10"/>
      </object_component>
      <object_component id="oc-1f1">
         <name>.debug_frame</name>
         <load_address>0x9a8</load_address>
         <run_address>0x9a8</run_address>
         <size>0x44</size>
         <input_file_ref idref="fl-10"/>
      </object_component>
      <object_component id="oc-1f7">
         <name>.debug_frame</name>
         <load_address>0x9ec</load_address>
         <run_address>0x9ec</run_address>
         <size>0x44</size>
         <input_file_ref idref="fl-10"/>
      </object_component>
      <object_component id="oc-215">
         <name>.debug_frame</name>
         <load_address>0xa30</load_address>
         <run_address>0xa30</run_address>
         <size>0x44</size>
         <input_file_ref idref="fl-10"/>
      </object_component>
      <object_component id="oc-20f">
         <name>.debug_frame</name>
         <load_address>0xa74</load_address>
         <run_address>0xa74</run_address>
         <size>0x44</size>
         <input_file_ref idref="fl-10"/>
      </object_component>
      <object_component id="oc-21b">
         <name>.debug_frame</name>
         <load_address>0xab8</load_address>
         <run_address>0xab8</run_address>
         <size>0x44</size>
         <input_file_ref idref="fl-10"/>
      </object_component>
      <object_component id="oc-23c">
         <name>.debug_frame</name>
         <load_address>0xafc</load_address>
         <run_address>0xafc</run_address>
         <size>0x44</size>
         <input_file_ref idref="fl-10"/>
      </object_component>
      <object_component id="oc-150">
         <name>.debug_frame</name>
         <load_address>0xb40</load_address>
         <run_address>0xb40</run_address>
         <size>0x44</size>
         <input_file_ref idref="fl-10"/>
      </object_component>
      <object_component id="oc-14a">
         <name>.debug_frame</name>
         <load_address>0xb84</load_address>
         <run_address>0xb84</run_address>
         <size>0x44</size>
         <input_file_ref idref="fl-10"/>
      </object_component>
      <object_component id="oc-1de">
         <name>.debug_frame</name>
         <load_address>0xbc8</load_address>
         <run_address>0xbc8</run_address>
         <size>0x40</size>
         <input_file_ref idref="fl-10"/>
      </object_component>
      <object_component id="oc-1e3">
         <name>.debug_frame</name>
         <load_address>0xc08</load_address>
         <run_address>0xc08</run_address>
         <size>0x40</size>
         <input_file_ref idref="fl-10"/>
      </object_component>
      <object_component id="oc-1b8">
         <name>.debug_frame</name>
         <load_address>0xc48</load_address>
         <run_address>0xc48</run_address>
         <size>0x44</size>
         <input_file_ref idref="fl-10"/>
      </object_component>
      <object_component id="oc-158">
         <name>.debug_frame</name>
         <load_address>0xc8c</load_address>
         <run_address>0xc8c</run_address>
         <size>0x44</size>
         <input_file_ref idref="fl-10"/>
      </object_component>
      <object_component id="oc-1be">
         <name>.debug_frame</name>
         <load_address>0xcd0</load_address>
         <run_address>0xcd0</run_address>
         <size>0x44</size>
         <input_file_ref idref="fl-10"/>
      </object_component>
      <object_component id="oc-66">
         <name>.debug_frame</name>
         <load_address>0xd14</load_address>
         <run_address>0xd14</run_address>
         <size>0x40</size>
         <input_file_ref idref="fl-27"/>
      </object_component>
      <object_component id="oc-7f">
         <name>.debug_frame</name>
         <load_address>0xd54</load_address>
         <run_address>0xd54</run_address>
         <size>0x58</size>
         <input_file_ref idref="fl-28"/>
      </object_component>
      <object_component id="oc-33">
         <name>.debug_frame</name>
         <load_address>0xdac</load_address>
         <run_address>0xdac</run_address>
         <size>0x40</size>
         <input_file_ref idref="fl-29"/>
      </object_component>
      <object_component id="oc-1a">
         <name>.debug_frame</name>
         <load_address>0xdec</load_address>
         <run_address>0xdec</run_address>
         <size>0x40</size>
         <input_file_ref idref="fl-2a"/>
      </object_component>
      <object_component id="oc-18">
         <name>.debug_frame</name>
         <load_address>0xe2c</load_address>
         <run_address>0xe2c</run_address>
         <size>0x48</size>
         <input_file_ref idref="fl-2b"/>
      </object_component>
      <object_component id="oc-71">
         <name>.debug_frame</name>
         <load_address>0xe74</load_address>
         <run_address>0xe74</run_address>
         <size>0x60</size>
[...]
         <used_space>0x0</used_space>
         <unused_space>0xf1</unused_space>
         <attributes>RWIX</attributes>
         <usage_details>
         </usage_details>
      </memory_area>
      <memory_area display="yes" color="green">
         <name>RAMM1</name>
         <page_id>0x1</page_id>
         <origin>0x400</origin>
         <length>0x3f8</length>
         <used_space>0x100</used_space>
         <unused_space>0x2f8</unused_space>
         <attributes>RWIX</attributes>
         <usage_details>
            <allocated_space>
               <start_address>0x400</start_address>
               <size>0x100</size>
               <logical_group_ref idref="lg-8"/>
            </allocated_space>
            <available_space>
               <start_address>0x500</start_address>
               <size>0x2f8</size>
            </available_space>
         </usage_details>
      </memory_area>
      <memory_area display="yes" color="green">
         <name>RAMLS5</name>
         <page_id>0x1</page_id>
         <origin>0xa800</origin>
         <length>0x800</length>
         <used_space>0x34d</used_space>
         <unused_space>0x4b3</unused_space>
         <attributes>RWIX</attributes>
         <usage_details>
            <allocated_space>
               <start_address>0xa800</start_address>
               <size>0x30b</size>
               <logical_group_ref idref="lg-c"/>
            </allocated_space>
            <available_space>
               <start_address>0xab0b</start_address>
               <size>0x1</size>
            </available_space>
            <allocated_space>
               <start_address>0xab0c</start_address>
               <size>0x22</size>
               <logical_group_ref idref="lg-d"/>
            </allocated_space>
            <available_space>
               <start_address>0xab2e</start_address>
               <size>0x12</size>
            </available_space>
            <allocated_space>
               <start_address>0xab40</start_address>
               <size>0x20</size>
               <logical_group_ref idref="lg-9"/>
            </allocated_space>
            <available_space>
               <start_address>0xab60</start_address>
               <size>0x4a0</size>
            </available_space>
         </usage_details>
      </memory_area>
      <memory_area display="yes" color="green">
         <name>RAMLS6</name>
         <page_id>0x1</page_id>
         <origin>0xb000</origin>
         <length>0x800</length>
         <used_space>0x0</used_space>
         <unused_space>0x800</unused_space>
         <attributes>RWIX</attributes>
         <usage_details>
         </usage_details>
      </memory_area>
      <memory_area display="yes" color="green">
         <name>RAMLS7</name>
         <page_id>0x1</page_id>
         <origin>0xb800</origin>
         <length>0x800</length>
         <used_space>0x0</used_space>
         <unused_space>0x800</unused_space>
         <attributes>RWIX</attributes>
         <usage_details>
         </usage_details>
      </memory_area>
      <memory_area display="yes" color="green">
         <name>RAMGS0</name>
         <page_id>0x1</page_id>
         <origin>0xc000</origin>
         <length>0x2000</length>
         <used_space>0x0</used_space>
         <unused_space>0x2000</unused_space>
         <attributes>RWIX</attributes>
         <usage_details>
         </usage_details>
      </memory_area>
      <memory_area display="yes" color="green">
         <name>RAMGS1</name>
         <page_id>0x1</page_id>
         <origin>0xe000</origin>
         <length>0x2000</length>
         <used_space>0x0</used_space>
         <unused_space>0x2000</unused_space>
         <attributes>RWIX</attributes>
         <usage_details>
         </usage_details>
      </memory_area>
      <memory_area display="yes" color="green">
         <name>RAMGS2</name>
         <page_id>0x1</page_id>
         <origin>0x10000</origin>
         <length>0x2000</length>
         <used_space>0x0</used_space>
         <unused_space>0x2000</unused_space>
         <attributes>RWIX</attributes>
         <usage_details>
         </usage_details>
      </memory_area>
      <memory_area display="yes" color="green">
         <name>RAMGS3</name>
         <page_id>0x1</page_id>
         <origin>0x12000</origin>
         <length>0x1ff8</length>
         <used_space>0x0</used_space>
         <unused_space>0x1ff8</unused_space>
         <attributes>RWIX</attributes>
         <usage_details>
         </usage_details>
      </memory_area>
   </placement_map>
   <cptbl_list>
      <cptbl>
         <name>__TI_cinit_table</name>
         <cprec>
            <name>.data</name>
            <load_address>0xf8</load_address>
            <load_size>0x1d</load_size>
            <run_address>0xab0c</run_address>
            <run_size>0x22</run_size>
            <compression>lzss</compression>
         </cprec>
         <cprec>
            <name>.bss</name>
            <load_address>0x11c</load_address>
            <load_size>0x4</load_size>
            <run_address>0xab40</run_address>
            <run_size>0x20</run_size>
            <compression>zero_init</compression>
         </cprec>
      </cptbl>
   </cptbl_list>
   <handler_table>
      <handler_table_name>__TI_handler_table</handler_table_name>
      <handler>
         <index>0x0</index>
         <name>__TI_zero_init</name>
      </handler>
      <handler>
         <index>0x1</index>
         <name>__TI_decompress_lzss</name>
      </handler>
      <handler>
         <index>0x2</index>
         <name>__TI_decompress_none</name>
      </handler>
   </handler_table>
   <symbol_table>
      <symbol id="sm-1">
         <name>__TI_CINIT_Base</name>
         <value>0x120</value>
      </symbol>
      <symbol id="sm-2">
         <name>__TI_CINIT_Limit</name>
         <value>0x128</value>
      </symbol>
      <symbol id="sm-3">
         <name>__TI_Handler_Table_Base</name>
         <value>0x116</value>
      </symbol>
      <symbol id="sm-4">
         <name>__TI_Handler_Table_Limit</name>
         <value>0x11c</value>
      </symbol>
      <symbol id="sm-5">
         <name>__TI_STACK_SIZE</name>
         <value>0x100</value>
      </symbol>
      <symbol id="sm-6">
         <name>__TI_STACK_END</name>
         <value>0x500</value>
      </symbol>
      <symbol id="sm-7">
         <name>__TI_pprof_out_hndl</name>
         <value>0xffffffff</value>
      </symbol>
      <symbol id="sm-8">
         <name>__TI_prof_data_start</name>
         <value>0xffffffff</value>
      </symbol>
      <symbol id="sm-9">
         <name>__TI_prof_data_size</name>
         <value>0xffffffff</value>
      </symbol>
      <symbol id="sm-77">
         <name>v_ref</name>
         <value>0xab12</value>
         <object_component_ref idref="oc-129"/>
      </symbol>
      <symbol id="sm-78">
         <name>v_batt_1</name>
         <value>0xab4c</value>
         <object_component_ref idref="oc-f8"/>
      </symbol>
      <symbol id="sm-79">
         <name>v_batt_2</name>
         <value>0xab4e</value>
         <object_component_ref idref="oc-f8"/>
      </symbol>
      <symbol id="sm-7a">
         <name>k_diff2sinBATT</name>
         <value>0xab20</value>
         <object_component_ref idref="oc-129"/>
      </symbol>
      <symbol id="sm-7b">
         <name>v_adc_iso_pos_1</name>
         <value>0xab52</value>
         <object_component_ref idref="oc-f8"/>
      </symbol>
      <symbol id="sm-7c">
         <name>v_batt_read</name>
         <value>0xab50</value>
         <object_component_ref idref="oc-f8"/>
      </symbol>
      <symbol id="sm-7d">
         <name>r_iso_n</name>
         <value>0xab5e</value>
         <object_component_ref idref="oc-f8"/>
      </symbol>
      <symbol id="sm-7e">
         <name>r_iso_p</name>
         <value>0xab5c</value>
         <object_component_ref idref="oc-f8"/>
      </symbol>
      <symbol id="sm-7f">
         <name>k_adc</name>
         <value>0xab14</value>
         <object_component_ref idref="oc-129"/>
      </symbol>
      <symbol id="sm-80">
         <name>control</name>
         <value>0xab0c</value>
         <object_component_ref idref="oc-129"/>
      </symbol>
      <symbol id="sm-81">
         <name>v_adc_batt_1</name>
         <value>0xab56</value>
         <object_component_ref idref="oc-f8"/>
      </symbol>
      <symbol id="sm-82">
         <name>v_adc_batt_2</name>
         <value>0xab58</value>
         <object_component_ref idref="oc-f8"/>
      </symbol>
      <symbol id="sm-83">
         <name>v_adc_iso_neg_2</name>
         <value>0xab54</value>
         <object_component_ref idref="oc-f8"/>
      </symbol>
      <symbol id="sm-84">
         <name>i</name>
         <value>0xab42</value>
         <object_component_ref idref="oc-f8"/>
      </symbol>
      <symbol id="sm-85">
         <name>k_diff2sinISO</name>
         <value>0xab16</value>
         <object_component_ref idref="oc-129"/>
      </symbol>
      <symbol id="sm-86">
         <name>v_iso_pos_2</name>
         <value>0xab46</value>
         <object_component_ref idref="oc-f8"/>
      </symbol>
      <symbol id="sm-87">
         <name>v_iso_pos_1</name>
         <value>0xab44</value>
         <object_component_ref idref="oc-f8"/>
      </symbol>
      <symbol id="sm-88">
         <name>r_s_DC</name>
         <value>0xab1a</value>
         <object_component_ref idref="oc-129"/>
      </symbol>
      <symbol id="sm-89">
         <name>main</name>
         <value>0x8182</value>
         <object_component_ref idref="oc-aa"/>
      </symbol>
      <symbol id="sm-8a">
         <name>calculate_riso</name>
         <value>0x84b1</value>
         <object_component_ref idref="oc-aa"/>
      </symbol>
      <symbol id="sm-8b">
         <name>r_ps_DC</name>
         <value>0xab18</value>
         <object_component_ref idref="oc-129"/>
      </symbol>
      <symbol id="sm-8c">
         <name>t_acq</name>
         <value>0xab22</value>
         <object_component_ref idref="oc-129"/>
      </symbol>
      <symbol id="sm-8d">
         <name>r_s</name>
         <value>0xab10</value>
         <object_component_ref idref="oc-129"/>
      </symbol>
      <symbol id="sm-8e">
         <name>v_adc_batt_read</name>
         <value>0xab5a</value>
         <object_component_ref idref="oc-f8"/>
      </symbol>
      <symbol id="sm-8f">
         <name>adcBResult0</name>
         <value>0xab40</value>
         <object_component_ref idref="oc-f8"/>
      </symbol>
      <symbol id="sm-90">
         <name>measure_voltages_SP</name>
         <value>0x839b</value>
         <object_component_ref idref="oc-aa"/>
      </symbol>
      <symbol id="sm-91">
         <name>measure_voltages_SN</name>
         <value>0x8426</value>
         <object_component_ref idref="oc-aa"/>
      </symbol>
      <symbol id="sm-92">
         <name>k_batt</name>
         <value>0xab1e</value>
         <object_component_ref idref="oc-129"/>
      </symbol>
      <symbol id="sm-93">
         <name>measure_bus_voltage</name>
         <value>0x8310</value>
         <object_component_ref idref="oc-aa"/>
      </symbol>
      <symbol id="sm-94">
         <name>v_ref_DC</name>
         <value>0xab1c</value>
         <object_component_ref idref="oc-129"/>
      </symbol>
      <symbol id="sm-95">
         <name>actuate_relay</name>
         <value>0x82e9</value>
         <object_component_ref idref="oc-aa"/>
      </symbol>
      <symbol id="sm-96">
         <name>adcCResult1</name>
         <value>0xab41</value>
         <object_component_ref idref="oc-f8"/>
      </symbol>
      <symbol id="sm-97">
         <name>v_iso_neg_2</name>
         <value>0xab4a</value>
         <object_component_ref idref="oc-f8"/>
      </symbol>
      <symbol id="sm-98">
         <name>v_iso_neg_1</name>
         <value>0xab48</value>
         <object_component_ref idref="oc-f8"/>
      </symbol>
      <symbol id="sm-99">
         <name>r_ps</name>
         <value>0xab0e</value>
         <object_component_ref idref="oc-129"/>
      </symbol>
      <symbol id="sm-b0">
         <name>Device_enableAllPeripherals</name>
         <value>0x85a4</value>
         <object_component_ref idref="oc-d3"/>
      </symbol>
      <symbol id="sm-b1">
         <name>Device_initGPIO</name>
         <value>0x8681</value>
         <object_component_ref idref="oc-d3"/>
      </symbol>
      <symbol id="sm-b2">
         <name>Device_init</name>
         <value>0x8553</value>
         <object_component_ref idref="oc-d3"/>
      </symbol>
      <symbol id="sm-b3">
         <name>__error__</name>
         <value>0x8691</value>
         <object_component_ref idref="oc-d3"/>
      </symbol>
      <symbol id="sm-c2">
         <name>code_start</name>
         <value>0x0</value>
         <object_component_ref idref="oc-20"/>
      </symbol>
      <symbol id="sm-e7">
         <name>ADC_setVREF</name>
         <value>0x8aac</value>
         <object_component_ref idref="oc-f1"/>
      </symbol>
      <symbol id="sm-11e">
         <name>GPIO_setPadConfig</name>
         <value>0x8b6b</value>
         <object_component_ref idref="oc-e5"/>
      </symbol>
      <symbol id="sm-11f">
         <name>GPIO_setAnalogMode</name>
         <value>0x8c4b</value>
         <object_component_ref idref="oc-159"/>
      </symbol>
      <symbol id="sm-120">
         <name>GPIO_setDirectionMode</name>
         <value>0x8c86</value>
         <object_component_ref idref="oc-eb"/>
      </symbol>
      <symbol id="sm-15d">
         <name>Interrupt_initModule</name>
         <value>0x8c0e</value>
         <object_component_ref idref="oc-d9"/>
      </symbol>
      <symbol id="sm-15e">
         <name>Interrupt_initVectorTable</name>
         <value>0x8dce</value>
         <object_component_ref idref="oc-df"/>
      </symbol>
      <symbol id="sm-270">
         <name>SysCtl_isPLLValid</name>
         <value>0x874e</value>
         <object_component_ref idref="oc-1b9"/>
      </symbol>
      <symbol id="sm-271">
         <name>SysCtl_delay</name>
         <value>0xf4</value>
         <object_component_ref idref="oc-f7"/>
      </symbol>
      <symbol id="sm-272">
         <name>SysCtl_selectXTALSingleEnded</name>
         <value>0x8eb2</value>
         <object_component_ref idref="oc-1df"/>
      </symbol>
      <symbol id="sm-273">
         <name>SysCtl_selectXTAL</name>
         <value>0x8d87</value>
         <object_component_ref idref="oc-1d9"/>
      </symbol>
      <symbol id="sm-274">
         <name>SysCtl_selectOscSource</name>
         <value>0x8b10</value>
         <object_component_ref idref="oc-1b3"/>
      </symbol>
      <symbol id="sm-275">
         <name>SysCtl_getLowSpeedClock</name>
         <value>0x8e98</value>
         <object_component_ref idref="oc-153"/>
      </symbol>
      <symbol id="sm-276">
         <name>SysCtl_setClock</name>
         <value>0x8698</value>
         <object_component_ref idref="oc-146"/>
      </symbol>
      <symbol id="sm-277">
         <name>SysCtl_getClock</name>
         <value>0x8bbd</value>
         <object_component_ref idref="oc-14c"/>
      </symbol>
      <symbol id="sm-281">
         <name>_c_int00</name>
         <value>0x8f11</value>
         <object_component_ref idref="oc-53"/>
      </symbol>
      <symbol id="sm-282">
         <name>__stack</name>
         <value>0x400</value>
         <object_component_ref idref="oc-25"/>
      </symbol>
      <symbol id="sm-299">
         <name>__c28xabi_addd</name>
         <value>0x8800</value>
         <object_component_ref idref="oc-11a"/>
      </symbol>
      <symbol id="sm-2a7">
         <name>__c28xabi_mpyd</name>
         <value>0x89af</value>
         <object_component_ref idref="oc-115"/>
      </symbol>
      <symbol id="sm-2af">
         <name>__c28xabi_subd</name>
         <value>0x8ff0</value>
         <object_component_ref idref="oc-106"/>
      </symbol>
      <symbol id="sm-2ba">
         <name>__c28xabi_dtoul</name>
         <value>0x8e63</value>
         <object_component_ref idref="oc-10b"/>
      </symbol>
      <symbol id="sm-2c7">
         <name>__c28xabi_divf</name>
         <value>0x8927</value>
         <object_component_ref idref="oc-124"/>
      </symbol>
      <symbol id="sm-2d5">
         <name>__c28xabi_ultod</name>
         <value>0x8f80</value>
         <object_component_ref idref="oc-fb"/>
      </symbol>
      <symbol id="sm-2e1">
         <name>__c28xabi_ftod</name>
         <value>0x8e47</value>
         <object_component_ref idref="oc-110"/>
      </symbol>
      <symbol id="sm-2ed">
         <name>__c28xabi_dtof</name>
         <value>0x8dab</value>
         <object_component_ref idref="oc-11f"/>
      </symbol>
      <symbol id="sm-300">
         <name>__c28xabi_divd</name>
         <value>0x889c</value>
         <object_component_ref idref="oc-101"/>
      </symbol>
      <symbol id="sm-30d">
         <name>_system_pre_init</name>
         <value>0x9053</value>
         <object_component_ref idref="oc-61"/>
      </symbol>
      <symbol id="sm-31c">
         <name>__TI_auto_init_nobinit_nopinit</name>
         <value>0x8ce8</value>
         <object_component_ref idref="oc-7a"/>
      </symbol>
      <symbol id="sm-32b">
         <name>__TI_zero_init_nomemset</name>
         <value>0x900d</value>
         <object_component_ref idref="oc-30"/>
      </symbol>
      <symbol id="sm-338">
         <name>__TI_decompress_none</name>
         <value>0x903a</value>
         <object_component_ref idref="oc-19"/>
      </symbol>
      <symbol id="sm-34c">
         <name>__TI_decompress_lzss</name>
         <value>0x8cb7</value>
         <object_component_ref idref="oc-13"/>
      </symbol>
      <symbol id="sm-362">
         <name>C$$EXIT</name>
         <value>0x8d13</value>
         <object_component_ref idref="oc-6e"/>
      </symbol>
      <symbol id="sm-363">
         <name>abort</name>
         <value>0x8d13</value>
         <object_component_ref idref="oc-6e"/>
      </symbol>
      <symbol id="sm-364">
         <name>exit</name>
         <value>0x8d15</value>
         <object_component_ref idref="oc-6e"/>
      </symbol>
      <symbol id="sm-365">
         <name>__TI_dtors_ptr</name>
         <value>0xab28</value>
         <object_component_ref idref="oc-b2"/>
      </symbol>
      <symbol id="sm-366">
         <name>__TI_cleanup_ptr</name>
         <value>0xab26</value>
         <object_component_ref idref="oc-b2"/>
      </symbol>
      <symbol id="sm-367">
         <name>__TI_enable_exit_profile_output</name>
         <value>0xab24</value>
         <object_component_ref idref="oc-b2"/>
      </symbol>
      <symbol id="sm-37e">
         <name>_nop</name>
         <value>0x9039</value>
         <object_component_ref idref="oc-133"/>
      </symbol>
      <symbol id="sm-37f">
         <name>_lock</name>
         <value>0xab2a</value>
         <object_component_ref idref="oc-b5"/>
      </symbol>
      <symbol id="sm-380">
         <name>_unlock</name>
         <value>0xab2c</value>
         <object_component_ref idref="oc-19f"/>
      </symbol>
      <symbol id="sm-381">
         <name>_register_lock</name>
         <value>0x9035</value>
         <object_component_ref idref="oc-133"/>
      </symbol>
      <symbol id="sm-382">
         <name>_register_unlock</name>
         <value>0x9031</value>
         <object_component_ref idref="oc-133"/>
      </symbol>
      <symbol id="sm-391">
         <name>_args_main</name>
         <value>0x901a</value>
         <object_component_ref idref="oc-68"/>
      </symbol>
      <symbol id="sm-3a5">
         <name>memcpy</name>
         <value>0x8e2a</value>
         <object_component_ref idref="oc-28"/>
      </symbol>
      <symbol id="sm-3b2">
         <name>_system_post_cinit</name>
         <value>0x9055</value>
         <object_component_ref idref="oc-bd"/>
      </symbol>
      <symbol id="sm-3b4">
         <name>__c_args__</name>
         <value>0x0</value>
      </symbol>
   </symbol_table>
   <title>Link successful</title>
</link_info>
