******************************************************************************
             TMS320C2000 Linker PC v21.6.0                     
******************************************************************************
>> Linked Wed May  4 16:08:07 2022

OUTPUT FILE NAME:   <TIDA-010232-LAUNCHXL-F280049C-Example-Code.out>
ENTRY POINT SYMBOL: "code_start"  address: 00000000


MEMORY CONFIGURATION

         name            origin    length      used     unused   attr    fill
----------------------  --------  ---------  --------  --------  ----  --------
PAGE 0:
  BEGIN                 00000000   00000002  00000002  00000000  RWIX
  RAMM0                 000000f4   0000030c  00000038  000002d4  RWIX
  RAMLS0                00008000   00000800  00000800  00000000  RWIX
  RAMLS1                00008800   00000800  00000800  00000000  RWIX
  RAMLS2                00009000   00000800  0000015f  000006a1  RWIX
  RAMLS3                00009800   00000800  00000000  00000800  RWIX
  RAMLS4                0000a000   00000800  00000000  00000800  RWIX
  FLASH_BANK0_SEC0      00080000   00001000  00000000  00001000  RWIX
  FLASH_BANK0_SEC1      00081000   00001000  00000000  00001000  RWIX
  FLASH_BANK0_SEC2      00082000   00001000  00000000  00001000  RWIX
  FLASH_BANK0_SEC3      00083000   00001000  00000000  00001000  RWIX
  FLASH_BANK0_SEC4      00084000   00001000  00000000  00001000  RWIX
  FLASH_BANK0_SEC5      00085000   00001000  00000000  00001000  RWIX
  FLASH_BANK0_SEC6      00086000   00001000  00000000  00001000  RWIX
  FLASH_BANK0_SEC7      00087000   00001000  00000000  00001000  RWIX
  FLASH_BANK0_SEC8      00088000   00001000  00000000  00001000  RWIX
  FLASH_BANK0_SEC9      00089000   00001000  00000000  00001000  RWIX
  FLASH_BANK0_SEC10     0008a000   00001000  00000000  00001000  RWIX
  FLASH_BANK0_SEC11     0008b000   00001000  00000000  00001000  RWIX
  FLASH_BANK0_SEC12     0008c000   00001000  00000000  00001000  RWIX
  FLASH_BANK0_SEC13     0008d000   00001000  00000000  00001000  RWIX
  FLASH_BANK0_SEC14     0008e000   00001000  00000000  00001000  RWIX
  FLASH_BANK0_SEC15     0008f000   00001000  00000000  00001000  RWIX
  FLASH_BANK1_SEC0      00090000   00001000  00000000  00001000  RWIX
  FLASH_BANK1_SEC1      00091000   00001000  00000000  00001000  RWIX
  FLASH_BANK1_SEC2      00092000   00001000  00000000  00001000  RWIX
  FLASH_BANK1_SEC3      00093000   00001000  00000000  00001000  RWIX
  FLASH_BANK1_SEC4      00094000   00001000  00000000  00001000  RWIX
  FLASH_BANK1_SEC5      00095000   00001000  00000000  00001000  RWIX
  FLASH_BANK1_SEC6      00096000   00001000  00000000  00001000  RWIX
  FLASH_BANK1_SEC7      00097000   00001000  00000000  00001000  RWIX
  FLASH_BANK1_SEC8      00098000   00001000  00000000  00001000  RWIX
  FLASH_BANK1_SEC9      00099000   00001000  00000000  00001000  RWIX
  FLASH_BANK1_SEC10     0009a000   00001000  00000000  00001000  RWIX
  FLASH_BANK1_SEC11     0009b000   00001000  00000000  00001000  RWIX
  FLASH_BANK1_SEC12     0009c000   00001000  00000000  00001000  RWIX
  FLASH_BANK1_SEC13     0009d000   00001000  00000000  00001000  RWIX
  FLASH_BANK1_SEC14     0009e000   00001000  00000000  00001000  RWIX
  FLASH_BANK1_SEC15     0009f000   00001000  00000000  00001000  RWIX
  RESET                 003fffc0   00000002  00000000  00000002  RWIX

PAGE 1:
  BOOT_RSVD             00000002   000000f1  00000000  000000f1  RWIX
  RAMM1                 00000400   000003f8  00000100  000002f8  RWIX
  RAMLS5                0000a800   00000800  0000029e  00000562  RWIX
  RAMLS6                0000b000   00000800  00000000  00000800  RWIX
  RAMLS7                0000b800   00000800  00000000  00000800  RWIX
  RAMGS0                0000c000   00002000  00000000  00002000  RWIX
  RAMGS1                0000e000   00002000  00000000  00002000  RWIX
  RAMGS2                00010000   00002000  00000000  00002000  RWIX
  RAMGS3                00012000   00001ff8  00000000  00001ff8  RWIX


SECTION ALLOCATION MAP

 output                                  attributes/
section   page    origin      length       input sections
--------  ----  ----------  ----------   ----------------
codestart 
*          0    00000000    00000002     
                  00000000    00000002     f28004x_codestartbranch.obj (codestart)

.TI.ramfunc 
*          0    000000f4    00000004     
                  000000f4    00000004     driverlib_eabi.lib : sysctl.obj (.TI.ramfunc)

.cinit     0    000000f8    00000034     
                  000000f8    00000020     (.cinit..data.load) [load image, compression = lzss]
                  00000118    00000006     (__TI_handler_table)
                  0000011e    00000004     (.cinit..bss.load) [load image, compression = zero_init]
                  00000122    00000002     --HOLE-- [fill = 0]
                  00000124    00000008     (__TI_cinit_table)

.reset     0    003fffc0    00000000     DSECT

.stack     1    00000400    00000100     UNINITIALIZED
                  00000400    00000100     --HOLE--

.bss       1    0000aa80    0000002c     UNINITIALIZED
                  0000aa80    0000002c     TIDA-010232_main.obj (.bss)

.init_array 
*          0    000000f4    00000000     UNINITIALIZED

.const     1    0000a800    0000022a     
                  0000a800    0000009a     driverlib_eabi.lib : sysctl.obj (.const:.string)
                  0000a89a    00000098                        : gpio.obj (.const:.string)
                  0000a932    00000088     TIDA-010232_main.obj (.const:.string)
                  0000a9ba    0000004b     driverlib_eabi.lib : adc.obj (.const:.string)
                  0000aa05    00000001     --HOLE-- [fill = 0]
                  0000aa06    00000013     device.obj (.const:.string)
                  0000aa19    00000001     --HOLE-- [fill = 0]
                  0000aa1a    00000010     TIDA-010232_main.obj (.const)

.data      1    0000aa2a    00000048     UNINITIALIZED
                  0000aa2a    00000006     rts2800_fpu32_eabi.lib : exit.c.obj (.data)
                  0000aa30    00000002                            : _lock.c.obj (.data:_lock)
                  0000aa32    00000002                            : _lock.c.obj (.data:_unlock)
                  0000aa34    0000000c     --HOLE--
                  0000aa40    00000032     TIDA-010232_main.obj (.data)

.text.1    0    00008000    00000800     
                  00008000    00000669     TIDA-010232_main.obj (.text)
                  00008669    000000c7     driverlib_eabi.lib : sysctl.obj (.text:SysCtl_setClock)
                  00008730    000000c0                        : sysctl.obj (.text:SysCtl_isPLLValid)
                  000087f0    00000010                        : sysctl.obj (.text:DCC_isBaseValid)

.text.2    0    00008800    00000800     
                  00008800    000001aa     device.obj (.text)
                  000089aa    0000009c     rts2800_fpu32_eabi.lib : fd_add28.asm.obj (.text)
                  00008a46    0000008b                            : fd_div28.asm.obj (.text)
                  00008ad1    00000083                            : fd_mpy28.asm.obj (.text)
                  00008b54    0000007a     driverlib_eabi.lib : sysctl.obj (.text:DCC_setCounterSeeds)
                  00008bce    0000005e                        : sysctl.obj (.text:SysCtl_getClock)
                  00008c2c    0000005b                        : sysctl.obj (.text:SysCtl_selectOscSource)
                  00008c87    00000052                        : gpio.obj (.text:GPIO_setPadConfig)
                  00008cd9    0000004f                        : adc.obj (.text:ADC_setVREF)
                  00008d28    0000003d                        : interrupt.obj (.text:Interrupt_initModule)
                  00008d65    0000003b                        : gpio.obj (.text:GPIO_setAnalogMode)
                  00008da0    00000031                        : gpio.obj (.text:GPIO_setDirectionMode)
                  00008dd1    00000031     rts2800_fpu32_eabi.lib : copy_decompress_lzss.c.obj (.text:decompress:lzss)
                  00008e02    0000002b                            : autoinit.c.obj (.text:__TI_auto_init_nobinit_nopinit)
                  00008e2d    0000002a                            : fd_cmp28.asm.obj (.text)
                  00008e57    00000029                            : exit.c.obj (.text)
                  00008e80    00000028     driverlib_eabi.lib : adc.obj (.text:ADC_setOffsetTrimAll)
                  00008ea8    00000026                        : sysctl.obj (.text:SysCtl_pollX1Counter)
                  00008ece    00000025                        : sysctl.obj (.text:DCC_enableSingleShotMode)
                  00008ef3    00000024                        : sysctl.obj (.text:SysCtl_selectXTAL)
                  00008f17    0000001f                        : sysctl.obj (.text:DCC_setCounter1ClkSource)
                  00008f36    0000001e                        : interrupt.obj (.text:Interrupt_initVectorTable)
                  00008f54    0000001d                        : sysctl.obj (.text:DCC_setCounter0ClkSource)
                  00008f71    0000001d     rts2800_fpu32_eabi.lib : memcpy.c.obj (.text)
                  00008f8e    0000001a     driverlib_eabi.lib : adc.obj (.text:ADC_isBaseValid)
                  00008fa8    0000001a                        : sysctl.obj (.text:SysCtl_getLowSpeedClock)
                  00008fc2    0000001a                        : sysctl.obj (.text:SysCtl_selectXTALSingleEnded)
                  00008fdc    00000017                        : sysctl.obj (.text:DCC_disableDoneSignal)
                  00008ff3    0000000d                        : interrupt.obj (.text:Interrupt_disableMaster)

.text.3    0    00009000    0000015f     
                  00009000    00000017     driverlib_eabi.lib : sysctl.obj (.text:DCC_enableDoneSignal)
                  00009017    00000017                        : sysctl.obj (.text:SysCtl_enablePeripheral)
                  0000902e    00000017     rts2800_fpu32_eabi.lib : boot28.asm.obj (.text)
                  00009045    00000016     driverlib_eabi.lib : sysctl.obj (.text:DCC_clearDoneFlag)
                  0000905b    00000016                        : sysctl.obj (.text:DCC_clearErrorFlag)
                  00009071    00000016                        : sysctl.obj (.text:DCC_disableErrorSignal)
                  00009087    00000016                        : sysctl.obj (.text:DCC_enableErrorSignal)
                  0000909d    00000016     rts2800_fpu32_eabi.lib : ul_tofd28.asm.obj (.text)
                  000090b3    00000014     driverlib_eabi.lib : sysctl.obj (.text:DCC_disableModule)
                  000090c7    00000014                        : sysctl.obj (.text:DCC_enableModule)
                  000090db    00000014                        : gpio.obj (.text:GPIO_isPinValid)
                  000090ef    0000000e                        : interrupt.obj (.text:Interrupt_defaultHandler)
                  000090fd    0000000e     rts2800_fpu32_eabi.lib : fd_sub28.asm.obj (.text)
                  0000910b    0000000d                            : copy_zero_init.c.obj (.text:decompress:ZI:__TI_zero_init_nomemset)
                  00009118    0000000c                            : args_main.c.obj (.text)
                  00009124    0000000b     driverlib_eabi.lib : sysctl.obj (.text:SysCtl_isMCDClockFailureDetected)
                  0000912f    00000009     rts2800_fpu32_eabi.lib : _lock.c.obj (.text)
                  00009138    00000009                            : fd_neg28.asm.obj (.text)
                  00009141    00000008                            : copy_decompress_none.c.obj (.text:decompress:none)
                  00009149    00000008     f28004x_codestartbranch.obj (.text)
                  00009151    00000007     driverlib_eabi.lib : sysctl.obj (.text:SysCtl_resetMCD)
                  00009158    00000002                        : interrupt.obj (.text:Interrupt_illegalOperationHandler)
                  0000915a    00000002                        : interrupt.obj (.text:Interrupt_nmiHandler)
                  0000915c    00000002     rts2800_fpu32_eabi.lib : pre_init.c.obj (.text)
                  0000915e    00000001                            : startup.c.obj (.text)

MODULE SUMMARY

       Module                        code   ro data   rw data
       ------                        ----   -------   -------
    .\
       TIDA-010232_main.obj          1641   152       94     
    +--+-----------------------------+------+---------+---------+
       Total:                        1641   152       94     
                                                             
    .\device\
       device.obj                    426    19        0      
       f28004x_codestartbranch.obj   10     0         0      
    +--+-----------------------------+------+---------+---------+
       Total:                        436    19        0      
                                                             
    C:\ti\c2000\C2000Ware_4_00_00_00\driverlib\f28004x\driverlib\ccs\Debug\driverlib_eabi.lib
       sysctl.obj                    1156   154       0      
       gpio.obj                      210    152       0      
       adc.obj                       145    75        0      
       interrupt.obj                 122    0         0      
    +--+-----------------------------+------+---------+---------+
       Total:                        1633   381       0      
                                                             
    C:\ti\ccs1100\ccs\tools\compiler\ti-cgt-c2000_21.6.0.LTS\lib\rts2800_fpu32_eabi.lib
       fd_add28.asm.obj              156    0         0      
       fd_div28.asm.obj              139    0         0      
       fd_mpy28.asm.obj              131    0         0      
       copy_decompress_lzss.c.obj    49     0         0      
       exit.c.obj                    41     0         6      
       autoinit.c.obj                43     0         0      
       fd_cmp28.asm.obj              42     0         0      
       memcpy.c.obj                  29     0         0      
       boot28.asm.obj                23     0         0      
       ul_tofd28.asm.obj             22     0         0      
       fd_sub28.asm.obj              14     0         0      
       _lock.c.obj                   9      0         4      
       copy_zero_init.c.obj          13     0         0      
       args_main.c.obj               12     0         0      
       fd_neg28.asm.obj              9      0         0      
       copy_decompress_none.c.obj    8      0         0      
       pre_init.c.obj                2      0         0      
       startup.c.obj                 1      0         0      
    +--+-----------------------------+------+---------+---------+
       Total:                        743    0         10     
                                                             
       Stack:                        0      0         256    
       Linker Generated:             0      50        0      
    +--+-----------------------------+------+---------+---------+
       Grand Total:                  4453   602       360    


LINKER GENERATED COPY TABLES

__TI_cinit_table @ 00000124 records: 2, size/record: 4, table size: 8
	.data: load addr=000000f8, load size=00000020 bytes, run addr=0000aa2a, run size=00000048 bytes, compression=lzss
	.bss: load addr=0000011e, load size=00000004 bytes, run addr=0000aa80, run size=0000002c bytes, compression=zero_init


LINKER GENERATED HANDLER TABLE

__TI_handler_table @ 00000118 records: 3, size/record: 2, table size: 6
	index: 0, handler: __TI_zero_init
	index: 1, handler: __TI_decompress_lzss
	index: 2, handler: __TI_decompress_none


GLOBAL DATA SYMBOLS: SORTED BY DATA PAGE

address     data page           name
--------    ----------------    ----
00000400      10 (00000400)     __stack

0000aa2a     2a8 (0000aa00)     __TI_enable_exit_profile_output
0000aa2c     2a8 (0000aa00)     __TI_cleanup_ptr
0000aa2e     2a8 (0000aa00)     __TI_dtors_ptr
0000aa30     2a8 (0000aa00)     _lock
0000aa32     2a8 (0000aa00)     _unlock

0000aa40     2a9 (0000aa40)     control
0000aa41     2a9 (0000aa40)     PE_lost
0000aa42     2a9 (0000aa40)     r_ps
0000aa46     2a9 (0000aa40)     r_ns
0000aa4a     2a9 (0000aa40)     r_s
0000aa4e     2a9 (0000aa40)     v_ref
0000aa52     2a9 (0000aa40)     k_adc
0000aa56     2a9 (0000aa40)     k_diff2sinISO
0000aa5a     2a9 (0000aa40)     r_ps_DC
0000aa5e     2a9 (0000aa40)     r_s_DC
0000aa62     2a9 (0000aa40)     v_ref_DC
0000aa66     2a9 (0000aa40)     k_batt
0000aa6a     2a9 (0000aa40)     k_diff2sinBATT
0000aa6e     2a9 (0000aa40)     t_acq

0000aa80     2aa (0000aa80)     adcBResult0
0000aa81     2aa (0000aa80)     adcCResult1
0000aa82     2aa (0000aa80)     i
0000aa83     2aa (0000aa80)     PE_lost_counter
0000aa84     2aa (0000aa80)     v_iso_P
0000aa88     2aa (0000aa80)     v_iso_N
0000aa8c     2aa (0000aa80)     v_DC_P
0000aa90     2aa (0000aa80)     v_DC_N
0000aa94     2aa (0000aa80)     v_adc_iso_pos
0000aa98     2aa (0000aa80)     v_adc_iso_neg
0000aa9c     2aa (0000aa80)     v_adc_DC_P
0000aaa0     2aa (0000aa80)     v_adc_DC_N
0000aaa4     2aa (0000aa80)     r_iso_p
0000aaa8     2aa (0000aa80)     r_iso_n


GLOBAL SYMBOLS: SORTED ALPHABETICALLY BY Name 

page  address   name                           
----  -------   ----                           
0     00008e80  ADC_setOffsetTrimAll           
0     00008cd9  ADC_setVREF                    
0     00008e57  C$$EXIT                        
0     000088b6  Device_enableAllPeripherals    
0     00008865  Device_init                    
0     00008993  Device_initGPIO                
0     00008d65  GPIO_setAnalogMode             
0     00008da0  GPIO_setDirectionMode          
0     00008c87  GPIO_setPadConfig              
0     00008d28  Interrupt_initModule           
0     00008f36  Interrupt_initVectorTable      
1     0000aa41  PE_lost                        
1     0000aa83  PE_lost_counter                
0     000000f4  SysCtl_delay                   
0     00008bce  SysCtl_getClock                
0     00008fa8  SysCtl_getLowSpeedClock        
0     00008730  SysCtl_isPLLValid              
0     00008c2c  SysCtl_selectOscSource         
0     00008ef3  SysCtl_selectXTAL              
0     00008fc2  SysCtl_selectXTALSingleEnded   
0     00008669  SysCtl_setClock                
0     00000124  __TI_CINIT_Base                
0     0000012c  __TI_CINIT_Limit               
0     0000012c  __TI_CINIT_Warm                
0     00000118  __TI_Handler_Table_Base        
0     0000011e  __TI_Handler_Table_Limit       
1     00000500  __TI_STACK_END                 
abs   00000100  __TI_STACK_SIZE                
0     00008e02  __TI_auto_init_nobinit_nopinit 
1     0000aa2c  __TI_cleanup_ptr               
0     00008dd1  __TI_decompress_lzss           
0     00009141  __TI_decompress_none           
1     0000aa2e  __TI_dtors_ptr                 
1     0000aa2a  __TI_enable_exit_profile_output
abs   ffffffff  __TI_pprof_out_hndl            
abs   ffffffff  __TI_prof_data_size            
abs   ffffffff  __TI_prof_data_start           
0     0000910b  __TI_zero_init_nomemset        
0     000089aa  __c28xabi_addd                 
0     00008e2d  __c28xabi_cmpd                 
0     00008a46  __c28xabi_divd                 
0     00008ad1  __c28xabi_mpyd                 
0     00009138  __c28xabi_negd                 
0     000090fd  __c28xabi_subd                 
0     0000909d  __c28xabi_ultod                
n/a   UNDEFED   __c_args__                     
0     000089a3  __error__                      
1     00000400  __stack                        
0     00009118  _args_main                     
0     0000902e  _c_int00                       
1     0000aa30  _lock                          
0     00009137  _nop                           
0     00009133  _register_lock                 
0     0000912f  _register_unlock               
0     0000915e  _system_post_cinit             
0     0000915c  _system_pre_init               
1     0000aa32  _unlock                        
0     00008e57  abort                          
0     0000829f  actuate_relay                  
1     0000aa80  adcBResult0                    
1     0000aa81  adcCResult1                    
0     000084e6  calculate_riso                 
0     00000000  code_start                     
1     0000aa40  control                        
0     00008e59  exit                           
1     0000aa82  i                              
1     0000aa52  k_adc                          
1     0000aa66  k_batt                         
1     0000aa6a  k_diff2sinBATT                 
1     0000aa56  k_diff2sinISO                  
0     00008182  main                           
0     000083d6  measure_voltages_VN_V_DC_N     
0     000082c6  measure_voltages_VP_VDC_P      
0     00008f71  memcpy                         
1     0000aaa8  r_iso_n                        
1     0000aaa4  r_iso_p                        
1     0000aa46  r_ns                           
1     0000aa42  r_ps                           
1     0000aa5a  r_ps_DC                        
1     0000aa4a  r_s                            
1     0000aa5e  r_s_DC                         
1     0000aa6e  t_acq                          
1     0000aa90  v_DC_N                         
1     0000aa8c  v_DC_P                         
1     0000aaa0  v_adc_DC_N                     
1     0000aa9c  v_adc_DC_P                     
1     0000aa98  v_adc_iso_neg                  
1     0000aa94  v_adc_iso_pos                  
1     0000aa88  v_iso_N                        
1     0000aa84  v_iso_P                        
1     0000aa4e  v_ref                          
1     0000aa62  v_ref_DC                       


GLOBAL SYMBOLS: SORTED BY Symbol Address 

page  address   name                           
----  -------   ----                           
0     00000000  code_start                     
0     000000f4  SysCtl_delay                   
0     00000118  __TI_Handler_Table_Base        
0     0000011e  __TI_Handler_Table_Limit       
0     00000124  __TI_CINIT_Base                
0     0000012c  __TI_CINIT_Limit               
0     0000012c  __TI_CINIT_Warm                
0     00008182  main                           
0     0000829f  actuate_relay                  
0     000082c6  measure_voltages_VP_VDC_P      
0     000083d6  measure_voltages_VN_V_DC_N     
0     000084e6  calculate_riso                 
0     00008669  SysCtl_setClock                
0     00008730  SysCtl_isPLLValid              
0     00008865  Device_init                    
0     000088b6  Device_enableAllPeripherals    
0     00008993  Device_initGPIO                
0     000089a3  __error__                      
0     000089aa  __c28xabi_addd                 
0     00008a46  __c28xabi_divd                 
0     00008ad1  __c28xabi_mpyd                 
0     00008bce  SysCtl_getClock                
0     00008c2c  SysCtl_selectOscSource         
0     00008c87  GPIO_setPadConfig              
0     00008cd9  ADC_setVREF                    
0     00008d28  Interrupt_initModule           
0     00008d65  GPIO_setAnalogMode             
0     00008da0  GPIO_setDirectionMode          
0     00008dd1  __TI_decompress_lzss           
0     00008e02  __TI_auto_init_nobinit_nopinit 
0     00008e2d  __c28xabi_cmpd                 
0     00008e57  C$$EXIT                        
0     00008e57  abort                          
0     00008e59  exit                           
0     00008e80  ADC_setOffsetTrimAll           
0     00008ef3  SysCtl_selectXTAL              
0     00008f36  Interrupt_initVectorTable      
0     00008f71  memcpy                         
0     00008fa8  SysCtl_getLowSpeedClock        
0     00008fc2  SysCtl_selectXTALSingleEnded   
0     0000902e  _c_int00                       
0     0000909d  __c28xabi_ultod                
0     000090fd  __c28xabi_subd                 
0     0000910b  __TI_zero_init_nomemset        
0     00009118  _args_main                     
0     0000912f  _register_unlock               
0     00009133  _register_lock                 
0     00009137  _nop                           
0     00009138  __c28xabi_negd                 
0     00009141  __TI_decompress_none           
0     0000915c  _system_pre_init               
0     0000915e  _system_post_cinit             
1     00000400  __stack                        
1     00000500  __TI_STACK_END                 
1     0000aa2a  __TI_enable_exit_profile_output
1     0000aa2c  __TI_cleanup_ptr               
1     0000aa2e  __TI_dtors_ptr                 
1     0000aa30  _lock                          
1     0000aa32  _unlock                        
1     0000aa40  control                        
1     0000aa41  PE_lost                        
1     0000aa42  r_ps                           
1     0000aa46  r_ns                           
1     0000aa4a  r_s                            
1     0000aa4e  v_ref                          
1     0000aa52  k_adc                          
1     0000aa56  k_diff2sinISO                  
1     0000aa5a  r_ps_DC                        
1     0000aa5e  r_s_DC                         
1     0000aa62  v_ref_DC                       
1     0000aa66  k_batt                         
1     0000aa6a  k_diff2sinBATT                 
1     0000aa6e  t_acq                          
1     0000aa80  adcBResult0                    
1     0000aa81  adcCResult1                    
1     0000aa82  i                              
1     0000aa83  PE_lost_counter                
1     0000aa84  v_iso_P                        
1     0000aa88  v_iso_N                        
1     0000aa8c  v_DC_P                         
1     0000aa90  v_DC_N                         
1     0000aa94  v_adc_iso_pos                  
1     0000aa98  v_adc_iso_neg                  
1     0000aa9c  v_adc_DC_P                     
1     0000aaa0  v_adc_DC_N                     
1     0000aaa4  r_iso_p                        
1     0000aaa8  r_iso_n                        
abs   00000100  __TI_STACK_SIZE                
abs   ffffffff  __TI_pprof_out_hndl            
abs   ffffffff  __TI_prof_data_size            
abs   ffffffff  __TI_prof_data_start           
n/a   UNDEFED   __c_args__                     

[92 symbols]
